Component: ARM Compiler 5.06 update 3 (build 300) Tool: armlink [4d35c9]

==============================================================================

Section Cross References

    system_stm32f4xx.o(i.SystemCoreClockUpdate) refers to system_stm32f4xx.o(.data) for .data
    usbd_conf.o(i.HAL_PCD_ConnectCallback) refers to usbd_core.o(i.USBD_LL_DevConnected) for USBD_LL_DevConnected
    usbd_conf.o(i.HAL_PCD_DataInStageCallback) refers to usbd_core.o(i.USBD_LL_DataInStage) for USBD_LL_DataInStage
    usbd_conf.o(i.HAL_PCD_DataOutStageCallback) refers to usbd_core.o(i.USBD_LL_DataOutStage) for USBD_LL_DataOutStage
    usbd_conf.o(i.HAL_PCD_DisconnectCallback) refers to usbd_core.o(i.USBD_LL_DevDisconnected) for USBD_LL_DevDisconnected
    usbd_conf.o(i.HAL_PCD_ISOINIncompleteCallback) refers to usbd_core.o(i.USBD_LL_IsoINIncomplete) for USBD_LL_IsoINIncomplete
    usbd_conf.o(i.HAL_PCD_ISOOUTIncompleteCallback) refers to usbd_core.o(i.USBD_LL_IsoOUTIncomplete) for USBD_LL_IsoOUTIncomplete
    usbd_conf.o(i.HAL_PCD_MspDeInit) refers to stm32f4xx_hal_gpio.o(i.HAL_GPIO_DeInit) for HAL_GPIO_DeInit
    usbd_conf.o(i.HAL_PCD_MspDeInit) refers to stm32f4xx_hal_cortex.o(i.HAL_NVIC_DisableIRQ) for HAL_NVIC_DisableIRQ
    usbd_conf.o(i.HAL_PCD_MspInit) refers to stm32f4xx_hal_gpio.o(i.HAL_GPIO_Init) for HAL_GPIO_Init
    usbd_conf.o(i.HAL_PCD_MspInit) refers to stm32f4xx_hal_cortex.o(i.HAL_NVIC_SetPriority) for HAL_NVIC_SetPriority
    usbd_conf.o(i.HAL_PCD_MspInit) refers to stm32f4xx_hal_cortex.o(i.HAL_NVIC_EnableIRQ) for HAL_NVIC_EnableIRQ
    usbd_conf.o(i.HAL_PCD_ResetCallback) refers to usbd_core.o(i.USBD_LL_SetSpeed) for USBD_LL_SetSpeed
    usbd_conf.o(i.HAL_PCD_ResetCallback) refers to usbd_core.o(i.USBD_LL_Reset) for USBD_LL_Reset
    usbd_conf.o(i.HAL_PCD_ResumeCallback) refers to usbd_core.o(i.USBD_LL_Resume) for USBD_LL_Resume
    usbd_conf.o(i.HAL_PCD_SOFCallback) refers to usbd_core.o(i.USBD_LL_SOF) for USBD_LL_SOF
    usbd_conf.o(i.HAL_PCD_SetupStageCallback) refers to usbd_core.o(i.USBD_LL_SetupStage) for USBD_LL_SetupStage
    usbd_conf.o(i.HAL_PCD_SuspendCallback) refers to usbd_core.o(i.USBD_LL_Suspend) for USBD_LL_Suspend
    usbd_conf.o(i.USBD_LL_ClearStallEP) refers to stm32f4xx_hal_pcd.o(i.HAL_PCD_EP_ClrStall) for HAL_PCD_EP_ClrStall
    usbd_conf.o(i.USBD_LL_CloseEP) refers to stm32f4xx_hal_pcd.o(i.HAL_PCD_EP_Close) for HAL_PCD_EP_Close
    usbd_conf.o(i.USBD_LL_DeInit) refers to stm32f4xx_hal_pcd.o(i.HAL_PCD_DeInit) for HAL_PCD_DeInit
    usbd_conf.o(i.USBD_LL_Delay) refers to stm32f4xx_hal.o(i.HAL_Delay) for HAL_Delay
    usbd_conf.o(i.USBD_LL_FlushEP) refers to stm32f4xx_hal_pcd.o(i.HAL_PCD_EP_Flush) for HAL_PCD_EP_Flush
    usbd_conf.o(i.USBD_LL_GetRxDataSize) refers to stm32f4xx_hal_pcd.o(i.HAL_PCD_EP_GetRxCount) for HAL_PCD_EP_GetRxCount
    usbd_conf.o(i.USBD_LL_Init) refers to stm32f4xx_hal_pcd.o(i.HAL_PCD_Init) for HAL_PCD_Init
    usbd_conf.o(i.USBD_LL_Init) refers to stm32f4xx_hal_pcd_ex.o(i.HAL_PCDEx_SetRxFiFo) for HAL_PCDEx_SetRxFiFo
    usbd_conf.o(i.USBD_LL_Init) refers to stm32f4xx_hal_pcd_ex.o(i.HAL_PCDEx_SetTxFiFo) for HAL_PCDEx_SetTxFiFo
    usbd_conf.o(i.USBD_LL_Init) refers to usbd_conf.o(.bss) for .bss
    usbd_conf.o(i.USBD_LL_OpenEP) refers to stm32f4xx_hal_pcd.o(i.HAL_PCD_EP_Open) for HAL_PCD_EP_Open
    usbd_conf.o(i.USBD_LL_PrepareReceive) refers to stm32f4xx_hal_pcd.o(i.HAL_PCD_EP_Receive) for HAL_PCD_EP_Receive
    usbd_conf.o(i.USBD_LL_SetUSBAddress) refers to stm32f4xx_hal_pcd.o(i.HAL_PCD_SetAddress) for HAL_PCD_SetAddress
    usbd_conf.o(i.USBD_LL_StallEP) refers to stm32f4xx_hal_pcd.o(i.HAL_PCD_EP_SetStall) for HAL_PCD_EP_SetStall
    usbd_conf.o(i.USBD_LL_Start) refers to stm32f4xx_hal_pcd.o(i.HAL_PCD_Start) for HAL_PCD_Start
    usbd_conf.o(i.USBD_LL_Stop) refers to stm32f4xx_hal_pcd.o(i.HAL_PCD_Stop) for HAL_PCD_Stop
    usbd_conf.o(i.USBD_LL_Transmit) refers to stm32f4xx_hal_pcd.o(i.HAL_PCD_EP_Transmit) for HAL_PCD_EP_Transmit
    stm32f4xx_hal_msp.o(i.HAL_MspInit) refers to stm32f4xx_hal_cortex.o(i.HAL_NVIC_SetPriorityGrouping) for HAL_NVIC_SetPriorityGrouping
    stm32f4xx_hal_msp.o(i.HAL_MspInit) refers to stm32f4xx_hal_cortex.o(i.HAL_NVIC_SetPriority) for HAL_NVIC_SetPriority
    usb_device.o(i.MX_USB_DEVICE_Init) refers to usbd_core.o(i.USBD_Init) for USBD_Init
    usb_device.o(i.MX_USB_DEVICE_Init) refers to usbd_core.o(i.USBD_RegisterClass) for USBD_RegisterClass
    usb_device.o(i.MX_USB_DEVICE_Init) refers to usbd_cdc.o(i.USBD_CDC_RegisterInterface) for USBD_CDC_RegisterInterface
    usb_device.o(i.MX_USB_DEVICE_Init) refers to usbd_core.o(i.USBD_Start) for USBD_Start
    usb_device.o(i.MX_USB_DEVICE_Init) refers to usbd_desc.o(.data) for FS_Desc
    usb_device.o(i.MX_USB_DEVICE_Init) refers to usb_device.o(.bss) for .bss
    usb_device.o(i.MX_USB_DEVICE_Init) refers to usbd_cdc.o(.data) for USBD_CDC
    usb_device.o(i.MX_USB_DEVICE_Init) refers to usbd_cdc_if.o(.data) for USBD_Interface_fops_FS
[...]
    i.HAL_SPI_MspInit                        0x08001afe   Section        0  stm32f4xx_hal_spi.o(i.HAL_SPI_MspInit)
    i.HAL_SPI_TransmitReceive                0x08001b00   Section        0  stm32f4xx_hal_spi.o(i.HAL_SPI_TransmitReceive)
    i.HAL_SYSTICK_CLKSourceConfig            0x08001db0   Section        0  stm32f4xx_hal_cortex.o(i.HAL_SYSTICK_CLKSourceConfig)
    i.HAL_SYSTICK_Callback                   0x08001dc8   Section        0  stm32f4xx_hal_cortex.o(i.HAL_SYSTICK_Callback)
    i.HAL_SYSTICK_Config                     0x08001dca   Section        0  stm32f4xx_hal_cortex.o(i.HAL_SYSTICK_Config)
    i.HAL_SYSTICK_IRQHandler                 0x08001df2   Section        0  stm32f4xx_hal_cortex.o(i.HAL_SYSTICK_IRQHandler)
    i.LED_Initialize                         0x08001dfc   Section        0  led_f4discovery.o(i.LED_Initialize)
    i.LED_On                                 0x08001e34   Section        0  led_f4discovery.o(i.LED_On)
    i.LED_Toggle                             0x08001e50   Section        0  main.o(i.LED_Toggle)
    i.LIS302DL_Click_IntClear                0x08001e6c   Section        0  lis302dl.o(i.LIS302DL_Click_IntClear)
    i.LIS302DL_Click_IntConfig               0x08001e8a   Section        0  lis302dl.o(i.LIS302DL_Click_IntConfig)
    i.LIS302DL_DeInit                        0x08001f2e   Section        0  lis302dl.o(i.LIS302DL_DeInit)
    i.LIS302DL_FilterConfig                  0x08001f30   Section        0  lis302dl.o(i.LIS302DL_FilterConfig)
    i.LIS302DL_Init                          0x08001f5e   Section        0  lis302dl.o(i.LIS302DL_Init)
    i.LIS302DL_InterruptConfig               0x08001f7c   Section        0  lis302dl.o(i.LIS302DL_InterruptConfig)
    i.LIS302DL_ReadACC                       0x08001fac   Section        0  lis302dl.o(i.LIS302DL_ReadACC)
    i.LIS302DL_ReadID                        0x08002014   Section        0  lis302dl.o(i.LIS302DL_ReadID)
    i.LIS302DL_RebootCmd                     0x08002030   Section        0  lis302dl.o(i.LIS302DL_RebootCmd)
    i.LIS3DSH_Click_IntConfig                0x08002054   Section        0  lis3dsh.o(i.LIS3DSH_Click_IntConfig)
    i.LIS3DSH_DeInit                         0x08002126   Section        0  lis3dsh.o(i.LIS3DSH_DeInit)
    i.LIS3DSH_Init                           0x08002128   Section        0  lis3dsh.o(i.LIS3DSH_Init)
    i.LIS3DSH_InterruptConfig                0x08002156   Section        0  lis3dsh.o(i.LIS3DSH_InterruptConfig)
    i.LIS3DSH_ReadACC                        0x080021a4   Section        0  lis3dsh.o(i.LIS3DSH_ReadACC)
    i.LIS3DSH_ReadID                         0x08002280   Section        0  lis3dsh.o(i.LIS3DSH_ReadID)
    i.LIS3DSH_RebootCmd                      0x0800229c   Section        0  lis3dsh.o(i.LIS3DSH_RebootCmd)
    i.MX_GPIO_Init                           0x080022c0   Section        0  main.o(i.MX_GPIO_Init)
    MX_GPIO_Init                             0x080022c1   Thumb Code   328  main.o(i.MX_GPIO_Init)
    i.MX_RTC_Init                            0x08002424   Section        0  main.o(i.MX_RTC_Init)
    MX_RTC_Init                              0x08002425   Thumb Code   104  main.o(i.MX_RTC_Init)
    i.MX_USB_DEVICE_Init                     0x08002494   Section        0  usb_device.o(i.MX_USB_DEVICE_Init)
    i.NVIC_SetPriority                       0x080024cc   Section        0  stm32f4xx_hal_cortex.o(i.NVIC_SetPriority)
    NVIC_SetPriority                         0x080024cd   Thumb Code    32  stm32f4xx_hal_cortex.o(i.NVIC_SetPriority)
    i.OTG_FS_IRQHandler                      0x080024ec   Section        0  stm32f4xx_it.o(i.OTG_FS_IRQHandler)
    i.OTG_FS_WKUP_IRQHandler                 0x08002504   Section        0  stm32f4xx_it.o(i.OTG_FS_WKUP_IRQHandler)
    i.PCD_WriteEmptyTxFifo                   0x0800251c   Section        0  stm32f4xx_hal_pcd.o(i.PCD_WriteEmptyTxFifo)
    PCD_WriteEmptyTxFifo                     0x0800251d   Thumb Code   150  stm32f4xx_hal_pcd.o(i.PCD_WriteEmptyTxFifo)
    i.RTC_Bcd2ToByte                         0x080025b2   Section        0  stm32f4xx_hal_rtc.o(i.RTC_Bcd2ToByte)
    i.RTC_ByteToBcd2                         0x080025c4   Section        0  stm32f4xx_hal_rtc.o(i.RTC_ByteToBcd2)
    i.RTC_EnterInitMode                      0x080025dc   Section        0  stm32f4xx_hal_rtc.o(i.RTC_EnterInitMode)
    i.SPI_WaitOnFlagUntilTimeout             0x08002616   Section        0  stm32f4xx_hal_spi.o(i.SPI_WaitOnFlagUntilTimeout)
    SPI_WaitOnFlagUntilTimeout               0x08002617   Thumb Code   158  stm32f4xx_hal_spi.o(i.SPI_WaitOnFlagUntilTimeout)
    i.SPIx_Init                              0x080026b4   Section        0  stm32f4_discovery.o(i.SPIx_Init)
    SPIx_Init                                0x080026b5   Thumb Code   120  stm32f4_discovery.o(i.SPIx_Init)
    i.SPIx_WriteRead                         0x0800273c   Section        0  stm32f4_discovery.o(i.SPIx_WriteRead)
    SPIx_WriteRead                           0x0800273d   Thumb Code    46  stm32f4_discovery.o(i.SPIx_WriteRead)
    i.Serial_Write                           0x08002774   Section        0  usbd_cdc_if.o(i.Serial_Write)
    i.SysTick_Handler                        0x08002788   Section        0  stm32f4xx_it.o(i.SysTick_Handler)
    i.SystemClock_Config                     0x08002798   Section        0  main.o(i.SystemClock_Config)
    i.SystemInit                             0x08002838   Section        0  system_stm32f4xx.o(i.SystemInit)
    i.USBD_CDC_DataIn                        0x0800288c   Section        0  usbd_cdc.o(i.USBD_CDC_DataIn)
    USBD_CDC_DataIn                          0x0800288d   Thumb Code    20  usbd_cdc.o(i.USBD_CDC_DataIn)
    i.USBD_CDC_DataOut                       0x080028a0   Section        0  usbd_cdc.o(i.USBD_CDC_DataOut)
    USBD_CDC_DataOut                         0x080028a1   Thumb Code    46  usbd_cdc.o(i.USBD_CDC_DataOut)
    i.USBD_CDC_DeInit                        0x080028ce   Section        0  usbd_cdc.o(i.USBD_CDC_DeInit)
    USBD_CDC_DeInit                          0x080028cf   Thumb Code    60  usbd_cdc.o(i.USBD_CDC_DeInit)
    i.USBD_CDC_EP0_RxReady                   0x0800290a   Section        0  usbd_cdc.o(i.USBD_CDC_EP0_RxReady)
    USBD_CDC_EP0_RxReady                     0x0800290b   Thumb Code    36  usbd_cdc.o(i.USBD_CDC_EP0_RxReady)
    i.USBD_CDC_GetDeviceQualifierDescriptor  0x08002930   Section        0  usbd_cdc.o(i.USBD_CDC_GetDeviceQualifierDescriptor)
    i.USBD_CDC_GetFSCfgDesc                  0x0800293c   Section        0  usbd_cdc.o(i.USBD_CDC_GetFSCfgDesc)
    USBD_CDC_GetFSCfgDesc                    0x0800293d   Thumb Code     8  usbd_cdc.o(i.USBD_CDC_GetFSCfgDesc)
    i.USBD_CDC_GetHSCfgDesc                  0x08002948   Section        0  usbd_cdc.o(i.USBD_CDC_GetHSCfgDesc)
    USBD_CDC_GetHSCfgDesc                    0x08002949   Thumb Code     8  usbd_cdc.o(i.USBD_CDC_GetHSCfgDesc)
    i.USBD_CDC_GetOtherSpeedCfgDesc          0x08002954   Section        0  usbd_cdc.o(i.USBD_CDC_GetOtherSpeedCfgDesc)
    USBD_CDC_GetOtherSpeedCfgDesc            0x08002955   Thumb Code     8  usbd_cdc.o(i.USBD_CDC_GetOtherSpeedCfgDesc)
    i.USBD_CDC_Init                          0x08002960   Section        0  usbd_cdc.o(i.USBD_CDC_Init)
    USBD_CDC_Init                            0x08002961   Thumb Code   136  usbd_cdc.o(i.USBD_CDC_Init)
    i.USBD_CDC_ReceivePacket                 0x080029e8   Section        0  usbd_cdc.o(i.USBD_CDC_ReceivePacket)
    i.USBD_CDC_RegisterInterface             0x08002a10   Section        0  usbd_cdc.o(i.USBD_CDC_RegisterInterface)
    i.USBD_CDC_SetRxBuffer                   0x08002a20   Section        0  usbd_cdc.o(i.USBD_CDC_SetRxBuffer)
    i.USBD_CDC_SetTxBuffer                   0x08002a2c   Section        0  usbd_cdc.o(i.USBD_CDC_SetTxBuffer)
    i.USBD_CDC_Setup                         0x08002a3c   Section        0  usbd_cdc.o(i.USBD_CDC_Setup)
    USBD_CDC_Setup                           0x08002a3d   Thumb Code    92  usbd_cdc.o(i.USBD_CDC_Setup)
    i.USBD_CDC_TransmitPacket                0x08002a98   Section        0  usbd_cdc.o(i.USBD_CDC_TransmitPacket)
    i.USBD_ClrClassConfig                    0x08002aca   Section        0  usbd_core.o(i.USBD_ClrClassConfig)
    i.USBD_CtlContinueRx                     0x08002ad8   Section        0  usbd_ioreq.o(i.USBD_CtlContinueRx)
    i.USBD_CtlContinueSendData               0x08002ae8   Section        0  usbd_ioreq.o(i.USBD_CtlContinueSendData)
    i.USBD_CtlError                          0x08002af8   Section        0  usbd_ctlreq.o(i.USBD_CtlError)
    i.USBD_CtlPrepareRx                      0x08002b0e   Section        0  usbd_ioreq.o(i.USBD_CtlPrepareRx)
    i.USBD_CtlReceiveStatus                  0x08002b2c   Section        0  usbd_ioreq.o(i.USBD_CtlReceiveStatus)
    i.USBD_CtlSendData                       0x08002b42   Section        0  usbd_ioreq.o(i.USBD_CtlSendData)
    i.USBD_CtlSendStatus                     0x08002b5c   Section        0  usbd_ioreq.o(i.USBD_CtlSendStatus)
    i.USBD_FS_ConfigStrDescriptor            0x08002b74   Section        0  usbd_desc.o(i.USBD_FS_ConfigStrDescriptor)
    i.USBD_FS_DeviceDescriptor               0x08002b94   Section        0  usbd_desc.o(i.USBD_FS_DeviceDescriptor)
    i.USBD_FS_InterfaceStrDescriptor         0x08002ba0   Section        0  usbd_desc.o(i.USBD_FS_InterfaceStrDescriptor)
    i.USBD_FS_LangIDStrDescriptor            0x08002bc4   Section        0  usbd_desc.o(i.USBD_FS_LangIDStrDescriptor)
    i.USBD_FS_ManufacturerStrDescriptor      0x08002bd0   Section        0  usbd_desc.o(i.USBD_FS_ManufacturerStrDescriptor)
    i.USBD_FS_ProductStrDescriptor           0x08002bf8   Section        0  usbd_desc.o(i.USBD_FS_ProductStrDescriptor)
    i.USBD_FS_SerialStrDescriptor            0x08002c24   Section        0  usbd_desc.o(i.USBD_FS_SerialStrDescriptor)
    i.USBD_GetDescriptor                     0x08002c48   Section        0  usbd_ctlreq.o(i.USBD_GetDescriptor)
    USBD_GetDescriptor                       0x08002c49   Thumb Code   224  usbd_ctlreq.o(i.USBD_GetDescriptor)
    i.USBD_GetString                         0x08002d28   Section        0  usbd_ctlreq.o(i.USBD_GetString)
    i.USBD_Init                              0x08002d6e   Section        0  usbd_core.o(i.USBD_Init)
    i.USBD_LL_ClearStallEP                   0x08002d98   Section        0  usbd_conf.o(i.USBD_LL_ClearStallEP)
    i.USBD_LL_CloseEP                        0x08002da6   Section        0  usbd_conf.o(i.USBD_LL_CloseEP)
    i.USBD_LL_DataInStage                    0x08002db4   Section        0  usbd_core.o(i.USBD_LL_DataInStage)
    i.USBD_LL_DataOutStage                   0x08002e54   Section        0  usbd_core.o(i.USBD_LL_DataOutStage)
    i.USBD_LL_DevConnected                   0x08002ebe   Section        0  usbd_core.o(i.USBD_LL_DevConnected)
    i.USBD_LL_DevDisconnected                0x08002ec2   Section        0  usbd_core.o(i.USBD_LL_DevDisconnected)
    i.USBD_LL_GetRxDataSize                  0x08002ed8   Section        0  usbd_conf.o(i.USBD_LL_GetRxDataSize)
    i.USBD_LL_Init                           0x08002ee0   Section        0  usbd_conf.o(i.USBD_LL_Init)
    i.USBD_LL_IsStallEP                      0x08002f3c   Section        0  usbd_conf.o(i.USBD_LL_IsStallEP)
    i.USBD_LL_IsoINIncomplete                0x08002f5c   Section        0  usbd_core.o(i.USBD_LL_IsoINIncomplete)
    i.USBD_LL_IsoOUTIncomplete               0x08002f60   Section        0  usbd_core.o(i.USBD_LL_IsoOUTIncomplete)
    i.USBD_LL_OpenEP                         0x08002f64   Section        0  usbd_conf.o(i.USBD_LL_OpenEP)
    i.USBD_LL_PrepareReceive                 0x08002f78   Section        0  usbd_conf.o(i.USBD_LL_PrepareReceive)
    i.USBD_LL_Reset                          0x08002f86   Section        0  usbd_core.o(i.USBD_LL_Reset)
    i.USBD_LL_Resume                         0x08002fc4   Section        0  usbd_core.o(i.USBD_LL_Resume)
    i.USBD_LL_SOF                            0x08002fd0   Section        0  usbd_core.o(i.USBD_LL_SOF)
    i.USBD_LL_SetSpeed                       0x08002fe8   Section        0  usbd_core.o(i.USBD_LL_SetSpeed)
    i.USBD_LL_SetUSBAddress                  0x08002fee   Section        0  usbd_conf.o(i.USBD_LL_SetUSBAddress)
    i.USBD_LL_SetupStage                     0x08002ffc   Section        0  usbd_core.o(i.USBD_LL_SetupStage)
    i.USBD_LL_StallEP                        0x08003056   Section        0  usbd_conf.o(i.USBD_LL_StallEP)
    i.USBD_LL_Start                          0x08003064   Section        0  usbd_conf.o(i.USBD_LL_Start)
    i.USBD_LL_Suspend                        0x08003072   Section        0  usbd_core.o(i.USBD_LL_Suspend)
    i.USBD_LL_Transmit                       0x08003084   Section        0  usbd_conf.o(i.USBD_LL_Transmit)
    i.USBD_ParseSetupRequest                 0x08003092   Section        0  usbd_ctlreq.o(i.USBD_ParseSetupRequest)
    i.USBD_RegisterClass                     0x080030ba   Section        0  usbd_core.o(i.USBD_RegisterClass)
    i.USBD_SetClassConfig                    0x080030ca   Section        0  usbd_core.o(i.USBD_SetClassConfig)
    i.USBD_SetConfig                         0x080030e0   Section        0  usbd_ctlreq.o(i.USBD_SetConfig)
    USBD_SetConfig                           0x080030e1   Thumb Code   110  usbd_ctlreq.o(i.USBD_SetConfig)
    i.USBD_Start                             0x08003154   Section        0  usbd_core.o(i.USBD_Start)
    i.USBD_StdDevReq                         0x0800315e   Section        0  usbd_ctlreq.o(i.USBD_StdDevReq)
    i.USBD_StdEPReq                          0x08003250   Section        0  usbd_ctlreq.o(i.USBD_StdEPReq)
    i.USBD_StdItfReq                         0x08003310   Section        0  usbd_ctlreq.o(i.USBD_StdItfReq)
    i.USB_ActivateEndpoint                   0x08003344   Section        0  stm32f4xx_ll_usb.o(i.USB_ActivateEndpoint)
    i.USB_ActivateSetup                      0x080033c4   Section        0  stm32f4xx_ll_usb.o(i.USB_ActivateSetup)
    i.USB_CoreInit                           0x080033f8   Section        0  stm32f4xx_ll_usb.o(i.USB_CoreInit)
    i.USB_CoreReset                          0x08003464   Section        0  stm32f4xx_ll_usb.o(i.USB_CoreReset)
    USB_CoreReset                            0x08003465   Thumb Code    50  stm32f4xx_ll_usb.o(i.USB_CoreReset)
    i.USB_DeactivateEndpoint                 0x0800349c   Section        0  stm32f4xx_ll_usb.o(i.USB_DeactivateEndpoint)
    i.USB_DevConnect                         0x0800350a   Section        0  stm32f4xx_ll_usb.o(i.USB_DevConnect)
    i.USB_DevDisconnect                      0x08003522   Section        0  stm32f4xx_ll_usb.o(i.USB_DevDisconnect)
    i.USB_DevInit                            0x0800353c   Section        0  stm32f4xx_ll_usb.o(i.USB_DevInit)
    i.USB_DisableGlobalInt                   0x08003680   Section        0  stm32f4xx_ll_usb.o(i.USB_DisableGlobalInt)
    i.USB_EP0StartXfer                       0x0800368c   Section        0  stm32f4xx_ll_usb.o(i.USB_EP0StartXfer)
    i.USB_EP0_OutStart                       0x080037cc   Section        0  stm32f4xx_ll_usb.o(i.USB_EP0_OutStart)
    i.USB_EPClearStall                       0x0800380a   Section        0  stm32f4xx_ll_usb.o(i.USB_EPClearStall)
    i.USB_EPSetStall                         0x0800386e   Section        0  stm32f4xx_ll_usb.o(i.USB_EPSetStall)
    i.USB_EPStartXfer                        0x080038cc   Section        0  stm32f4xx_ll_usb.o(i.USB_EPStartXfer)
    i.USB_EnableGlobalInt                    0x08003ae8   Section        0  stm32f4xx_ll_usb.o(i.USB_EnableGlobalInt)
    i.USB_FlushRxFifo                        0x08003af4   Section        0  stm32f4xx_ll_usb.o(i.USB_FlushRxFifo)
    i.USB_FlushTxFifo                        0x08003b14   Section        0  stm32f4xx_ll_usb.o(i.USB_FlushTxFifo)
    i.USB_GetDevSpeed                        0x08003b38   Section        0  stm32f4xx_ll_usb.o(i.USB_GetDevSpeed)
    i.USB_GetMode                            0x08003b74   Section        0  stm32f4xx_ll_usb.o(i.USB_GetMode)
    i.USB_ReadDevAllInEpInterrupt            0x08003b7c   Section        0  stm32f4xx_ll_usb.o(i.USB_ReadDevAllInEpInterrupt)
    i.USB_ReadDevAllOutEpInterrupt           0x08003b8a   Section        0  stm32f4xx_ll_usb.o(i.USB_ReadDevAllOutEpInterrupt)
    i.USB_ReadDevInEPInterrupt               0x08003b98   Section        0  stm32f4xx_ll_usb.o(i.USB_ReadDevInEPInterrupt)
    i.USB_ReadDevOutEPInterrupt              0x08003bb6   Section        0  stm32f4xx_ll_usb.o(i.USB_ReadDevOutEPInterrupt)
    i.USB_ReadInterrupts                     0x08003bc6   Section        0  stm32f4xx_ll_usb.o(i.USB_ReadInterrupts)
    i.USB_ReadPacket                         0x08003bce   Section        0  stm32f4xx_ll_usb.o(i.USB_ReadPacket)
    i.USB_SetCurrentMode                     0x08003bee   Section        0  stm32f4xx_ll_usb.o(i.USB_SetCurrentMode)
    i.USB_SetDevAddress                      0x08003c1a   Section        0  stm32f4xx_ll_usb.o(i.USB_SetDevAddress)
    i.USB_WritePacket                        0x08003c3c   Section        0  stm32f4xx_ll_usb.o(i.USB_WritePacket)
    i.VCP_read                               0x08003c64   Section        0  usbd_cdc_if.o(i.VCP_read)
    i.VCP_write                              0x08003cbc   Section        0  usbd_cdc_if.o(i.VCP_write)
    i.__0sprintf$1                           0x08003d2c   Section        0  printf1.o(i.__0sprintf$1)
    i.__scatterload_copy                     0x08003d54   Section       14  handlers.o(i.__scatterload_copy)
    i.__scatterload_null                     0x08003d62   Section        2  handlers.o(i.__scatterload_null)
    i.__scatterload_zeroinit                 0x08003d64   Section       14  handlers.o(i.__scatterload_zeroinit)
    i._printf_core                           0x08003d74   Section        0  printf1.o(i._printf_core)
    _printf_core                             0x08003d75   Thumb Code   336  printf1.o(i._printf_core)
    i._sputc                                 0x08003ec8   Section        0  printf1.o(i._sputc)
    _sputc                                   0x08003ec9   Thumb Code    10  printf1.o(i._sputc)
    i.free                                   0x08003ed4   Section        0  malloc.o(i.free)
    i.itoa                                   0x08003f24   Section        0  main.o(i.itoa)
    i.main                                   0x08003f7c   Section        0  main.o(i.main)
    i.malloc                                 0x080040fc   Section        0  malloc.o(i.malloc)
    .constdata                               0x08004168   Section       32  main.o(.constdata)
    .constdata                               0x08004188   Section       16  stm32f4xx_hal_rcc.o(.constdata)
    .constdata                               0x08004198   Section       32  led_f4discovery.o(.constdata)
    LED_PIN                                  0x08004198   Data          32  led_f4discovery.o(.constdata)
    .conststring                             0x080041b8   Section       72  main.o(.conststring)
    .data                                    0x20000000   Section       20  system_stm32f4xx.o(.data)
    .data                                    0x20000014   Section       16  usbd_cdc_if.o(.data)
    .data                                    0x20000024   Section        1  usbd_cdc_if.o(.data)
    .data                                    0x20000026   Section       34  main.o(.data)
    .data                                    0x20000048   Section       28  usbd_desc.o(.data)
    .data                                    0x20000064   Section       22  usbd_desc.o(.data)
    .data                                    0x2000007a   Section        1  usbd_ctlreq.o(.data)
    cfgidx                                   0x2000007a   Data           1  usbd_ctlreq.o(.data)
    .data                                    0x2000007c   Section      215  usbd_cdc.o(.data)
    USBD_CDC_DeviceQualifierDesc             0x2000007c   Data          10  usbd_cdc.o(.data)
    .data                                    0x20000154   Section       56  usbd_cdc.o(.data)
    .data                                    0x2000018c   Section        4  stm32f4xx_hal.o(.data)
    uwTick                                   0x2000018c   Data           4  stm32f4xx_hal.o(.data)
    .data                                    0x20000190   Section       28  stm32f4_discovery.o(.data)
    .data                                    0x200001ac   Section        4  stm32f4_discovery_accelerometer.o(.data)
    AcceleroDrv                              0x200001ac   Data           4  stm32f4_discovery_accelerometer.o(.data)
    .data                                    0x200001b0   Section       52  lis3dsh.o(.data)
    .data                                    0x200001e4   Section       52  lis302dl.o(.data)
    .data                                    0x20000218   Section        4  mvars.o(.data)
    .data                                    0x2000021c   Section        4  mvars.o(.data)
    .bss                                     0x20000220   Section      944  usbd_conf.o(.bss)
    .bss                                     0x200005d0   Section      548  usb_device.o(.bss)
    .bss                                     0x200007f4   Section      268  usbd_cdc_if.o(.bss)
    s_RxBuffer                               0x200007f4   Data         268  usbd_cdc_if.o(.bss)
    .bss                                     0x20000900   Section       52  main.o(.bss)
    .bss                                     0x20000934   Section      512  usbd_desc.o(.bss)
    .bss                                     0x20000b34   Section      140  stm32f4_discovery.o(.bss)
    SpiHandle                                0x20000b34   Data          84  stm32f4_discovery.o(.bss)
    I2cHandle                                0x20000b88   Data          56  stm32f4_discovery.o(.bss)
    HEAP                                     0x20000bc0   Section      512  startup_stm32f407xx.o(HEAP)
    STACK                                    0x20000dc0   Section     1024  startup_stm32f407xx.o(STACK)

    Global Symbols

    Symbol Name                              Value     Ov Type        Size  Object(Section)

    BuildAttributes$$THM_ISAv4$E$P$D$K$B$S$7EM$VFPi3$EXTD16$VFPS$VFMA$PE$A:L22UL41UL21$X:L11$S22US41US21$IEEE1$IW$USESV6$~STKCKD$USESV7$~SHL$OSPACE$ROPI$EBA8$MICROLIB$REQ8$PRES8$EABIv2 0x00000000   Number         0  anon$$obj.o ABSOLUTE
    __ARM_use_no_argv                        0x00000000   Number         0  main.o ABSOLUTE
    _printf_a                                0x00000000   Number         0  stubs.o ABSOLUTE
    _printf_c                                0x00000000   Number         0  stubs.o ABSOLUTE
    _printf_charcount                        0x00000000   Number         0  stubs.o ABSOLUTE
    _printf_d                                0x00000000   Number         0  stubs.o ABSOLUTE
    _printf_e                                0x00000000   Number         0  stubs.o ABSOLUTE
    _printf_f                                0x00000000   Number         0  stubs.o ABSOLUTE
    _printf_flags                            0x00000000   Number         0  stubs.o ABSOLUTE
    _printf_fp_dec                           0x00000000   Number         0  stubs.o ABSOLUTE
    _printf_fp_hex                           0x00000000   Number         0  stubs.o ABSOLUTE
    _printf_g                                0x00000000   Number         0  stubs.o ABSOLUTE
    _printf_i                                0x00000000   Number         0  stubs.o ABSOLUTE
    _printf_int_dec                          0x00000000   Number         0  stubs.o ABSOLUTE
    _printf_l                                0x00000000   Number         0  stubs.o ABSOLUTE
    _printf_lc                               0x00000000   Number         0  stubs.o ABSOLUTE
    _printf_ll                               0x00000000   Number         0  stubs.o ABSOLUTE
    _printf_lld                              0x00000000   Number         0  stubs.o ABSOLUTE
    _printf_lli                              0x00000000   Number         0  stubs.o ABSOLUTE
    _printf_llo                              0x00000000   Number         0  stubs.o ABSOLUTE
    _printf_llu                              0x00000000   Number         0  stubs.o ABSOLUTE
    _printf_llx                              0x00000000   Number         0  stubs.o ABSOLUTE
    _printf_longlong_dec                     0x00000000   Number         0  stubs.o ABSOLUTE
    _printf_longlong_hex                     0x00000000   Number         0  stubs.o ABSOLUTE
    _printf_longlong_oct                     0x00000000   Number         0  stubs.o ABSOLUTE
    _printf_ls                               0x00000000   Number         0  stubs.o ABSOLUTE
    _printf_mbtowc                           0x00000000   Number         0  stubs.o ABSOLUTE
    _printf_n                                0x00000000   Number         0  stubs.o ABSOLUTE
    _printf_o                                0x00000000   Number         0  stubs.o ABSOLUTE
    _printf_p                                0x00000000   Number         0  stubs.o ABSOLUTE
    _printf_percent                          0x00000000   Number         0  stubs.o ABSOLUTE
    _printf_pre_padding                      0x00000000   Number         0  stubs.o ABSOLUTE
    _printf_return_value                     0x00000000   Number         0  stubs.o ABSOLUTE
    _printf_s                                0x00000000   Number         0  stubs.o ABSOLUTE
    _printf_sizespec                         0x00000000   Number         0  stubs.o ABSOLUTE
    _printf_str                              0x00000000   Number         0  stubs.o ABSOLUTE
    _printf_truncate_signed                  0x00000000   Number         0  stubs.o ABSOLUTE
    _printf_truncate_unsigned                0x00000000   Number         0  stubs.o ABSOLUTE
    _printf_u                                0x00000000   Number         0  stubs.o ABSOLUTE
    _printf_wc                               0x00000000   Number         0  stubs.o ABSOLUTE
    _printf_wctomb                           0x00000000   Number         0  stubs.o ABSOLUTE
    _printf_widthprec                        0x00000000   Number         0  stubs.o ABSOLUTE
    _printf_x                                0x00000000   Number         0  stubs.o ABSOLUTE
    __cpp_initialize__aeabi_                  - Undefined Weak Reference
    __cxa_finalize                            - Undefined Weak Reference
    _clock_init                               - Undefined Weak Reference
    _microlib_exit                            - Undefined Weak Reference
    __Vectors_Size                           0x00000188   Number         0  startup_stm32f407xx.o ABSOLUTE
    __Vectors                                0x08000000   Data           4  startup_stm32f407xx.o(RESET)
    __Vectors_End                            0x08000188   Data           0  startup_stm32f407xx.o(RESET)
    __main                                   0x08000189   Thumb Code     0  entry.o(.ARM.Collect$$$$00000000)
    _main_stk                                0x08000189   Thumb Code     0  entry2.o(.ARM.Collect$$$$00000001)
    _main_scatterload                        0x0800018d   Thumb Code     0  entry5.o(.ARM.Collect$$$$00000004)
    __main_after_scatterload                 0x08000191   Thumb Code     0  entry5.o(.ARM.Collect$$$$00000004)
    _main_clock                              0x08000191   Thumb Code     0  entry7b.o(.ARM.Collect$$$$00000008)
    _main_cpp_init                           0x08000191   Thumb Code     0  entry8b.o(.ARM.Collect$$$$0000000A)
    _main_init                               0x08000191   Thumb Code     0  entry9a.o(.ARM.Collect$$$$0000000B)
    __rt_final_cpp                           0x08000199   Thumb Code     0  entry10a.o(.ARM.Collect$$$$0000000D)
    __rt_final_exit                          0x08000199   Thumb Code     0  entry11a.o(.ARM.Collect$$$$0000000F)
    Reset_Handler                            0x0800019d   Thumb Code     8  startup_stm32f407xx.o(.text)
    NMI_Handler                              0x080001a5   Thumb Code     2  startup_stm32f407xx.o(.text)
    HardFault_Handler                        0x080001a7   Thumb Code     2  startup_stm32f407xx.o(.text)
    MemManage_Handler                        0x080001a9   Thumb Code     2  startup_stm32f407xx.o(.text)
    BusFault_Handler                         0x080001ab   Thumb Code     2  startup_stm32f407xx.o(.text)
    UsageFault_Handler                       0x080001ad   Thumb Code     2  startup_stm32f407xx.o(.text)
    SVC_Handler                              0x080001af   Thumb Code     2  startup_stm32f407xx.o(.text)
    DebugMon_Handler                         0x080001b1   Thumb Code     2  startup_stm32f407xx.o(.text)
    PendSV_Handler                           0x080001b3   Thumb Code     2  startup_stm32f407xx.o(.text)
    ADC_IRQHandler                           0x080001b7   Thumb Code     0  startup_stm32f407xx.o(.text)
    CAN1_RX0_IRQHandler                      0x080001b7   Thumb Code     0  startup_stm32f407xx.o(.text)
    CAN1_RX1_IRQHandler                      0x080001b7   Thumb Code     0  startup_stm32f407xx.o(.text)
    CAN1_SCE_IRQHandler                      0x080001b7   Thumb Code     0  startup_stm32f407xx.o(.text)
    CAN1_TX_IRQHandler                       0x080001b7   Thumb Code     0  startup_stm32f407xx.o(.text)
    CAN2_RX0_IRQHandler                      0x080001b7   Thumb Code     0  startup_stm32f407xx.o(.text)
    CAN2_RX1_IRQHandler                      0x080001b7   Thumb Code     0  startup_stm32f407xx.o(.text)
    CAN2_SCE_IRQHandler                      0x080001b7   Thumb Code     0  startup_stm32f407xx.o(.text)
    CAN2_TX_IRQHandler                       0x080001b7   Thumb Code     0  startup_stm32f407xx.o(.text)
    DCMI_IRQHandler                          0x080001b7   Thumb Code     0  startup_stm32f407xx.o(.text)
    DMA1_Stream0_IRQHandler                  0x080001b7   Thumb Code     0  startup_stm32f407xx.o(.text)
    DMA1_Stream1_IRQHandler                  0x080001b7   Thumb Code     0  startup_stm32f407xx.o(.text)
    DMA1_Stream2_IRQHandler                  0x080001b7   Thumb Code     0  startup_stm32f407xx.o(.text)
    DMA1_Stream3_IRQHandler                  0x080001b7   Thumb Code     0  startup_stm32f407xx.o(.text)
    DMA1_Stream4_IRQHandler                  0x080001b7   Thumb Code     0  startup_stm32f407xx.o(.text)
    DMA1_Stream5_IRQHandler                  0x080001b7   Thumb Code     0  startup_stm32f407xx.o(.text)
    DMA1_Stream6_IRQHandler                  0x080001b7   Thumb Code     0  startup_stm32f407xx.o(.text)
    DMA1_Stream7_IRQHandler                  0x080001b7   Thumb Code     0  startup_stm32f407xx.o(.text)
    DMA2_Stream0_IRQHandler                  0x080001b7   Thumb Code     0  startup_stm32f407xx.o(.text)
    DMA2_Stream1_IRQHandler                  0x080001b7   Thumb Code     0  startup_stm32f407xx.o(.text)
    DMA2_Stream2_IRQHandler                  0x080001b7   Thumb Code     0  startup_stm32f407xx.o(.text)
    DMA2_Stream3_IRQHandler                  0x080001b7   Thumb Code     0  startup_stm32f407xx.o(.text)
    DMA2_Stream4_IRQHandler                  0x080001b7   Thumb Code     0  startup_stm32f407xx.o(.text)
    DMA2_Stream5_IRQHandler                  0x080001b7   Thumb Code     0  startup_stm32f407xx.o(.text)
    DMA2_Stream6_IRQHandler                  0x080001b7   Thumb Code     0  startup_stm32f407xx.o(.text)
    DMA2_Stream7_IRQHandler                  0x080001b7   Thumb Code     0  startup_stm32f407xx.o(.text)
    ETH_IRQHandler                           0x080001b7   Thumb Code     0  startup_stm32f407xx.o(.text)
    ETH_WKUP_IRQHandler                      0x080001b7   Thumb Code     0  startup_stm32f407xx.o(.text)
    EXTI0_IRQHandler                         0x080001b7   Thumb Code     0  startup_stm32f407xx.o(.text)
    EXTI15_10_IRQHandler                     0x080001b7   Thumb Code     0  startup_stm32f407xx.o(.text)
    EXTI1_IRQHandler                         0x080001b7   Thumb Code     0  startup_stm32f407xx.o(.text)
    EXTI2_IRQHandler                         0x080001b7   Thumb Code     0  startup_stm32f407xx.o(.text)
    EXTI3_IRQHandler                         0x080001b7   Thumb Code     0  startup_stm32f407xx.o(.text)
    EXTI4_IRQHandler                         0x080001b7   Thumb Code     0  startup_stm32f407xx.o(.text)
    EXTI9_5_IRQHandler                       0x080001b7   Thumb Code     0  startup_stm32f407xx.o(.text)
    FLASH_IRQHandler                         0x080001b7   Thumb Code     0  startup_stm32f407xx.o(.text)
    FMC_IRQHandler                           0x080001b7   Thumb Code     0  startup_stm32f407xx.o(.text)
    FPU_IRQHandler                           0x080001b7   Thumb Code     0  startup_stm32f407xx.o(.text)
    HASH_RNG_IRQHandler                      0x080001b7   Thumb Code     0  startup_stm32f407xx.o(.text)
    I2C1_ER_IRQHandler                       0x080001b7   Thumb Code     0  startup_stm32f407xx.o(.text)
    I2C1_EV_IRQHandler                       0x080001b7   Thumb Code     0  startup_stm32f407xx.o(.text)
    I2C2_ER_IRQHandler                       0x080001b7   Thumb Code     0  startup_stm32f407xx.o(.text)
    I2C2_EV_IRQHandler                       0x080001b7   Thumb Code     0  startup_stm32f407xx.o(.text)
    I2C3_ER_IRQHandler                       0x080001b7   Thumb Code     0  startup_stm32f407xx.o(.text)
    I2C3_EV_IRQHandler                       0x080001b7   Thumb Code     0  startup_stm32f407xx.o(.text)
    OTG_HS_EP1_IN_IRQHandler                 0x080001b7   Thumb Code     0  startup_stm32f407xx.o(.text)
    OTG_HS_EP1_OUT_IRQHandler                0x080001b7   Thumb Code     0  startup_stm32f407xx.o(.text)
    OTG_HS_IRQHandler                        0x080001b7   Thumb Code     0  startup_stm32f407xx.o(.text)
    OTG_HS_WKUP_IRQHandler                   0x080001b7   Thumb Code     0  startup_stm32f407xx.o(.text)
    PVD_IRQHandler                           0x080001b7   Thumb Code     0  startup_stm32f407xx.o(.text)
    RCC_IRQHandler                           0x080001b7   Thumb Code     0  startup_stm32f407xx.o(.text)
    RTC_Alarm_IRQHandler                     0x080001b7   Thumb Code     0  startup_stm32f407xx.o(.text)
    RTC_WKUP_IRQHandler                      0x080001b7   Thumb Code     0  startup_stm32f407xx.o(.text)
    SDIO_IRQHandler                          0x080001b7   Thumb Code     0  startup_stm32f407xx.o(.text)
    SPI1_IRQHandler                          0x080001b7   Thumb Code     0  startup_stm32f407xx.o(.text)
    SPI2_IRQHandler                          0x080001b7   Thumb Code     0  startup_stm32f407xx.o(.text)
    SPI3_IRQHandler                          0x080001b7   Thumb Code     0  startup_stm32f407xx.o(.text)
    TAMP_STAMP_IRQHandler                    0x080001b7   Thumb Code     0  startup_stm32f407xx.o(.text)
    TIM1_BRK_TIM9_IRQHandler                 0x080001b7   Thumb Code     0  startup_stm32f407xx.o(.text)
    TIM1_CC_IRQHandler                       0x080001b7   Thumb Code     0  startup_stm32f407xx.o(.text)
    TIM1_TRG_COM_TIM11_IRQHandler            0x080001b7   Thumb Code     0  startup_stm32f407xx.o(.text)
    TIM1_UP_TIM10_IRQHandler                 0x080001b7   Thumb Code     0  startup_stm32f407xx.o(.text)
    TIM2_IRQHandler                          0x080001b7   Thumb Code     0  startup_stm32f407xx.o(.text)
    TIM3_IRQHandler                          0x080001b7   Thumb Code     0  startup_stm32f407xx.o(.text)
    TIM4_IRQHandler                          0x080001b7   Thumb Code     0  startup_stm32f407xx.o(.text)
    TIM5_IRQHandler                          0x080001b7   Thumb Code     0  startup_stm32f407xx.o(.text)
    TIM6_DAC_IRQHandler                      0x080001b7   Thumb Code     0  startup_stm32f407xx.o(.text)
    TIM7_IRQHandler                          0x080001b7   Thumb Code     0  startup_stm32f407xx.o(.text)
    TIM8_BRK_TIM12_IRQHandler                0x080001b7   Thumb Code     0  startup_stm32f407xx.o(.text)
    TIM8_CC_IRQHandler                       0x080001b7   Thumb Code     0  startup_stm32f407xx.o(.text)
    TIM8_TRG_COM_TIM14_IRQHandler            0x080001b7   Thumb Code     0  startup_stm32f407xx.o(.text)
    TIM8_UP_TIM13_IRQHandler                 0x080001b7   Thumb Code     0  startup_stm32f407xx.o(.text)
    UART4_IRQHandler                         0x080001b7   Thumb Code     0  startup_stm32f407xx.o(.text)
    UART5_IRQHandler                         0x080001b7   Thumb Code     0  startup_stm32f407xx.o(.text)
    USART1_IRQHandler                        0x080001b7   Thumb Code     0  startup_stm32f407xx.o(.text)
    USART2_IRQHandler                        0x080001b7   Thumb Code     0  startup_stm32f407xx.o(.text)
    USART3_IRQHandler                        0x080001b7   Thumb Code     0  startup_stm32f407xx.o(.text)
    USART6_IRQHandler                        0x080001b7   Thumb Code     0  startup_stm32f407xx.o(.text)
    WWDG_IRQHandler                          0x080001b7   Thumb Code     0  startup_stm32f407xx.o(.text)
    __aeabi_memcpy                           0x080001c1   Thumb Code    36  memcpya.o(.text)
    __aeabi_memcpy4                          0x080001c1   Thumb Code     0  memcpya.o(.text)
    __aeabi_memcpy8                          0x080001c1   Thumb Code     0  memcpya.o(.text)
    strlen                                   0x080001e5   Thumb Code    14  strlen.o(.text)
    __aeabi_uidiv                            0x080001f3   Thumb Code     0  uidiv.o(.text)
    __aeabi_uidivmod                         0x080001f3   Thumb Code    44  uidiv.o(.text)
    __scatterload                            0x08000221   Thumb Code    28  init.o(.text)
    __scatterload_rt2                        0x08000221   Thumb Code     0  init.o(.text)
    __decompress                             0x08000245   Thumb Code     0  __dczerorl2.o(.text)
    __decompress1                            0x08000245   Thumb Code    86  __dczerorl2.o(.text)
    ACCELERO_IO_ITConfig                     0x0800029d   Thumb Code    56  stm32f4_discovery.o(i.ACCELERO_IO_ITConfig)
    ACCELERO_IO_Init                         0x080002e1   Thumb Code    56  stm32f4_discovery.o(i.ACCELERO_IO_Init)
    ACCELERO_IO_Read                         0x08000321   Thumb Code    74  stm32f4_discovery.o(i.ACCELERO_IO_Read)
    ACCELERO_IO_Write                        0x08000371   Thumb Code    68  stm32f4_discovery.o(i.ACCELERO_IO_Write)
    ACCELERO_VAL_READ                        0x080003b9   Thumb Code    36  main.o(i.ACCELERO_VAL_READ)
    BSP_ACCELERO_GetXYZ                      0x080003e1   Thumb Code    38  stm32f4_discovery_accelerometer.o(i.BSP_ACCELERO_GetXYZ)
    BSP_ACCELERO_Init                        0x08000411   Thumb Code    58  stm32f4_discovery_accelerometer.o(i.BSP_ACCELERO_Init)
    Buttons_Initialize                       0x08000459   Thumb Code    38  buttons_f4discovery.o(i.Buttons_Initialize)
    Error_Handler                            0x080004cd   Thumb Code    26  main.o(i.Error_Handler)
    HAL_Delay                                0x080004e7   Thumb Code    22  stm32f4xx_hal.o(i.HAL_Delay)
    HAL_GPIO_Init                            0x080004fd   Thumb Code   400  stm32f4xx_hal_gpio.o(i.HAL_GPIO_Init)
    HAL_GPIO_TogglePin                       0x080006c1   Thumb Code     8  stm32f4xx_hal_gpio.o(i.HAL_GPIO_TogglePin)
    HAL_GPIO_WritePin                        0x080006c9   Thumb Code    10  stm32f4xx_hal_gpio.o(i.HAL_GPIO_WritePin)
    HAL_GetTick                              0x080006d5   Thumb Code     6  stm32f4xx_hal.o(i.HAL_GetTick)
    HAL_IncTick                              0x080006e1   Thumb Code    10  stm32f4xx_hal.o(i.HAL_IncTick)
    HAL_Init                                 0x080006f1   Thumb Code    40  stm32f4xx_hal.o(i.HAL_Init)
    HAL_InitTick                             0x0800071d   Thumb Code    34  stm32f4xx_hal.o(i.HAL_InitTick)
    HAL_MspInit                              0x0800073f   Thumb Code    88  stm32f4xx_hal_msp.o(i.HAL_MspInit)
    HAL_NVIC_ClearPendingIRQ                 0x08000797   Thumb Code    22  stm32f4xx_hal_cortex.o(i.HAL_NVIC_ClearPendingIRQ)
    HAL_NVIC_EnableIRQ                       0x080007ad   Thumb Code    22  stm32f4xx_hal_cortex.o(i.HAL_NVIC_EnableIRQ)
    HAL_NVIC_SetPriority                     0x080007c5   Thumb Code    60  stm32f4xx_hal_cortex.o(i.HAL_NVIC_SetPriority)
    HAL_NVIC_SetPriorityGrouping             0x08000805   Thumb Code    26  stm32f4xx_hal_cortex.o(i.HAL_NVIC_SetPriorityGrouping)
    HAL_PCDEx_SetRxFiFo                      0x08000829   Thumb Code     8  stm32f4xx_hal_pcd_ex.o(i.HAL_PCDEx_SetRxFiFo)
    HAL_PCDEx_SetTxFiFo                      0x08000831   Thumb Code    68  stm32f4xx_hal_pcd_ex.o(i.HAL_PCDEx_SetTxFiFo)
    HAL_PCD_ConnectCallback                  0x08000875   Thumb Code     8  usbd_conf.o(i.HAL_PCD_ConnectCallback)
    HAL_PCD_DataInStageCallback              0x0800087d   Thumb Code    18  usbd_conf.o(i.HAL_PCD_DataInStageCallback)
    HAL_PCD_DataOutStageCallback             0x0800088f   Thumb Code    20  usbd_conf.o(i.HAL_PCD_DataOutStageCallback)
    HAL_PCD_DisconnectCallback               0x080008a3   Thumb Code     8  usbd_conf.o(i.HAL_PCD_DisconnectCallback)
    HAL_PCD_EP_Close                         0x080008ab   Thumb Code    68  stm32f4xx_hal_pcd.o(i.HAL_PCD_EP_Close)
    HAL_PCD_EP_ClrStall                      0x080008ef   Thumb Code    80  stm32f4xx_hal_pcd.o(i.HAL_PCD_EP_ClrStall)
    HAL_PCD_EP_GetRxCount                    0x0800093f   Thumb Code    20  stm32f4xx_hal_pcd.o(i.HAL_PCD_EP_GetRxCount)
    HAL_PCD_EP_Open                          0x08000953   Thumb Code    84  stm32f4xx_hal_pcd.o(i.HAL_PCD_EP_Open)
    HAL_PCD_EP_Receive                       0x080009a9   Thumb Code    94  stm32f4xx_hal_pcd.o(i.HAL_PCD_EP_Receive)
    HAL_PCD_EP_SetStall                      0x08000a07   Thumb Code    96  stm32f4xx_hal_pcd.o(i.HAL_PCD_EP_SetStall)
    HAL_PCD_EP_Transmit                      0x08000a67   Thumb Code    86  stm32f4xx_hal_pcd.o(i.HAL_PCD_EP_Transmit)
    HAL_PCD_IRQHandler                       0x08000abd   Thumb Code   996  stm32f4xx_hal_pcd.o(i.HAL_PCD_IRQHandler)
    HAL_PCD_ISOINIncompleteCallback          0x08000ea1   Thumb Code     8  usbd_conf.o(i.HAL_PCD_ISOINIncompleteCallback)
    HAL_PCD_ISOOUTIncompleteCallback         0x08000ea9   Thumb Code     8  usbd_conf.o(i.HAL_PCD_ISOOUTIncompleteCallback)
    HAL_PCD_Init                             0x08000eb1   Thumb Code   190  stm32f4xx_hal_pcd.o(i.HAL_PCD_Init)
    HAL_PCD_MspInit                          0x08000f71   Thumb Code   100  usbd_conf.o(i.HAL_PCD_MspInit)
    HAL_PCD_ResetCallback                    0x08000fdd   Thumb Code    32  usbd_conf.o(i.HAL_PCD_ResetCallback)
    HAL_PCD_ResumeCallback                   0x08000ffd   Thumb Code     8  usbd_conf.o(i.HAL_PCD_ResumeCallback)
    HAL_PCD_SOFCallback                      0x08001005   Thumb Code     8  usbd_conf.o(i.HAL_PCD_SOFCallback)
    HAL_PCD_SetAddress                       0x0800100d   Thumb Code    36  stm32f4xx_hal_pcd.o(i.HAL_PCD_SetAddress)
    HAL_PCD_SetupStageCallback               0x08001031   Thumb Code    14  usbd_conf.o(i.HAL_PCD_SetupStageCallback)
    HAL_PCD_Start                            0x0800103f   Thumb Code    42  stm32f4xx_hal_pcd.o(i.HAL_PCD_Start)
    HAL_PCD_SuspendCallback                  0x08001069   Thumb Code     8  usbd_conf.o(i.HAL_PCD_SuspendCallback)
    HAL_RCCEx_PeriphCLKConfig                0x08001071   Thumb Code   308  stm32f4xx_hal_rcc_ex.o(i.HAL_RCCEx_PeriphCLKConfig)
    HAL_RCC_ClockConfig                      0x080011b9   Thumb Code   432  stm32f4xx_hal_rcc.o(i.HAL_RCC_ClockConfig)
    HAL_RCC_GetHCLKFreq                      0x08001371   Thumb Code    38  stm32f4xx_hal_rcc.o(i.HAL_RCC_GetHCLKFreq)
    HAL_RCC_GetSysClockFreq                  0x080013a5   Thumb Code   120  stm32f4xx_hal_rcc.o(i.HAL_RCC_GetSysClockFreq)
    HAL_RCC_OscConfig                        0x08001425   Thumb Code   802  stm32f4xx_hal_rcc.o(i.HAL_RCC_OscConfig)
    HAL_RTC_GetDate                          0x0800175d   Thumb Code    62  stm32f4xx_hal_rtc.o(i.HAL_RTC_GetDate)
    HAL_RTC_Init                             0x080017a1   Thumb Code   150  stm32f4xx_hal_rtc.o(i.HAL_RTC_Init)
    HAL_RTC_MspInit                          0x0800183d   Thumb Code    16  stm32f4xx_hal_msp.o(i.HAL_RTC_MspInit)
    HAL_RTC_SetDate                          0x08001855   Thumb Code   204  stm32f4xx_hal_rtc.o(i.HAL_RTC_SetDate)
    HAL_RTC_SetTime                          0x08001925   Thumb Code   236  stm32f4xx_hal_rtc.o(i.HAL_RTC_SetTime)
    HAL_RTC_WaitForSynchro                   0x08001a15   Thumb Code    54  stm32f4xx_hal_rtc.o(i.HAL_RTC_WaitForSynchro)
    HAL_SPI_DeInit                           0x08001a4b   Thumb Code    42  stm32f4xx_hal_spi.o(i.HAL_SPI_DeInit)
    HAL_SPI_GetState                         0x08001a75   Thumb Code     6  stm32f4xx_hal_spi.o(i.HAL_SPI_GetState)
    HAL_SPI_Init                             0x08001a7b   Thumb Code   130  stm32f4xx_hal_spi.o(i.HAL_SPI_Init)
    HAL_SPI_MspDeInit                        0x08001afd   Thumb Code     2  stm32f4xx_hal_spi.o(i.HAL_SPI_MspDeInit)
    HAL_SPI_MspInit                          0x08001aff   Thumb Code     2  stm32f4xx_hal_spi.o(i.HAL_SPI_MspInit)
    HAL_SPI_TransmitReceive                  0x08001b01   Thumb Code   688  stm32f4xx_hal_spi.o(i.HAL_SPI_TransmitReceive)
    HAL_SYSTICK_CLKSourceConfig              0x08001db1   Thumb Code    24  stm32f4xx_hal_cortex.o(i.HAL_SYSTICK_CLKSourceConfig)
    HAL_SYSTICK_Callback                     0x08001dc9   Thumb Code     2  stm32f4xx_hal_cortex.o(i.HAL_SYSTICK_Callback)
    HAL_SYSTICK_Config                       0x08001dcb   Thumb Code    40  stm32f4xx_hal_cortex.o(i.HAL_SYSTICK_Config)
    HAL_SYSTICK_IRQHandler                   0x08001df3   Thumb Code     8  stm32f4xx_hal_cortex.o(i.HAL_SYSTICK_IRQHandler)
    LED_Initialize                           0x08001dfd   Thumb Code    46  led_f4discovery.o(i.LED_Initialize)
    LED_On                                   0x08001e35   Thumb Code    24  led_f4discovery.o(i.LED_On)
    LED_Toggle                               0x08001e51   Thumb Code    22  main.o(i.LED_Toggle)
    LIS302DL_Click_IntClear                  0x08001e6d   Thumb Code    30  lis302dl.o(i.LIS302DL_Click_IntClear)
    LIS302DL_Click_IntConfig                 0x08001e8b   Thumb Code   164  lis302dl.o(i.LIS302DL_Click_IntConfig)
    LIS302DL_DeInit                          0x08001f2f   Thumb Code     2  lis302dl.o(i.LIS302DL_DeInit)
    LIS302DL_FilterConfig                    0x08001f31   Thumb Code    46  lis302dl.o(i.LIS302DL_FilterConfig)
    LIS302DL_Init                            0x08001f5f   Thumb Code    30  lis302dl.o(i.LIS302DL_Init)
    LIS302DL_InterruptConfig                 0x08001f7d   Thumb Code    46  lis302dl.o(i.LIS302DL_InterruptConfig)
    LIS302DL_ReadACC                         0x08001fad   Thumb Code   104  lis302dl.o(i.LIS302DL_ReadACC)
    LIS302DL_ReadID                          0x08002015   Thumb Code    28  lis302dl.o(i.LIS302DL_ReadID)
    LIS302DL_RebootCmd                       0x08002031   Thumb Code    36  lis302dl.o(i.LIS302DL_RebootCmd)
    LIS3DSH_Click_IntConfig                  0x08002055   Thumb Code   210  lis3dsh.o(i.LIS3DSH_Click_IntConfig)
    LIS3DSH_DeInit                           0x08002127   Thumb Code     2  lis3dsh.o(i.LIS3DSH_DeInit)
    LIS3DSH_Init                             0x08002129   Thumb Code    46  lis3dsh.o(i.LIS3DSH_Init)
    LIS3DSH_InterruptConfig                  0x08002157   Thumb Code    76  lis3dsh.o(i.LIS3DSH_InterruptConfig)
    LIS3DSH_ReadACC                          0x080021a5   Thumb Code   198  lis3dsh.o(i.LIS3DSH_ReadACC)
    LIS3DSH_ReadID                           0x08002281   Thumb Code    28  lis3dsh.o(i.LIS3DSH_ReadID)
    LIS3DSH_RebootCmd                        0x0800229d   Thumb Code    36  lis3dsh.o(i.LIS3DSH_RebootCmd)
    MX_USB_DEVICE_Init                       0x08002495   Thumb Code    38  usb_device.o(i.MX_USB_DEVICE_Init)
    OTG_FS_IRQHandler                        0x080024ed   Thumb Code    18  stm32f4xx_it.o(i.OTG_FS_IRQHandler)
    OTG_FS_WKUP_IRQHandler                   0x08002505   Thumb Code    18  stm32f4xx_it.o(i.OTG_FS_WKUP_IRQHandler)
    RTC_Bcd2ToByte                           0x080025b3   Thumb Code    18  stm32f4xx_hal_rtc.o(i.RTC_Bcd2ToByte)
    RTC_ByteToBcd2                           0x080025c5   Thumb Code    22  stm32f4xx_hal_rtc.o(i.RTC_ByteToBcd2)
    RTC_EnterInitMode                        0x080025dd   Thumb Code    58  stm32f4xx_hal_rtc.o(i.RTC_EnterInitMode)
    Serial_Write                             0x08002775   Thumb Code    20  usbd_cdc_if.o(i.Serial_Write)
    SysTick_Handler                          0x08002789   Thumb Code    14  stm32f4xx_it.o(i.SysTick_Handler)
    SystemClock_Config                       0x08002799   Thumb Code   150  main.o(i.SystemClock_Config)
    SystemInit                               0x08002839   Thumb Code    66  system_stm32f4xx.o(i.SystemInit)
    USBD_CDC_GetDeviceQualifierDescriptor    0x08002931   Thumb Code     8  usbd_cdc.o(i.USBD_CDC_GetDeviceQualifierDescriptor)
    USBD_CDC_ReceivePacket                   0x080029e9   Thumb Code    40  usbd_cdc.o(i.USBD_CDC_ReceivePacket)
    USBD_CDC_RegisterInterface               0x08002a11   Thumb Code    16  usbd_cdc.o(i.USBD_CDC_RegisterInterface)
    USBD_CDC_SetRxBuffer                     0x08002a21   Thumb Code    12  usbd_cdc.o(i.USBD_CDC_SetRxBuffer)
    USBD_CDC_SetTxBuffer                     0x08002a2d   Thumb Code    16  usbd_cdc.o(i.USBD_CDC_SetTxBuffer)
    USBD_CDC_TransmitPacket                  0x08002a99   Thumb Code    50  usbd_cdc.o(i.USBD_CDC_TransmitPacket)
    USBD_ClrClassConfig                      0x08002acb   Thumb Code    14  usbd_core.o(i.USBD_ClrClassConfig)
    USBD_CtlContinueRx                       0x08002ad9   Thumb Code    16  usbd_ioreq.o(i.USBD_CtlContinueRx)
    USBD_CtlContinueSendData                 0x08002ae9   Thumb Code    16  usbd_ioreq.o(i.USBD_CtlContinueSendData)
    USBD_CtlError                            0x08002af9   Thumb Code    22  usbd_ctlreq.o(i.USBD_CtlError)
    USBD_CtlPrepareRx                        0x08002b0f   Thumb Code    30  usbd_ioreq.o(i.USBD_CtlPrepareRx)
    USBD_CtlReceiveStatus                    0x08002b2d   Thumb Code    22  usbd_ioreq.o(i.USBD_CtlReceiveStatus)
    USBD_CtlSendData                         0x08002b43   Thumb Code    26  usbd_ioreq.o(i.USBD_CtlSendData)
    USBD_CtlSendStatus                       0x08002b5d   Thumb Code    22  usbd_ioreq.o(i.USBD_CtlSendStatus)
    USBD_FS_ConfigStrDescriptor              0x08002b75   Thumb Code    16  usbd_desc.o(i.USBD_FS_ConfigStrDescriptor)
    USBD_FS_DeviceDescriptor                 0x08002b95   Thumb Code     8  usbd_desc.o(i.USBD_FS_DeviceDescriptor)
    USBD_FS_InterfaceStrDescriptor           0x08002ba1   Thumb Code    16  usbd_desc.o(i.USBD_FS_InterfaceStrDescriptor)
    USBD_FS_LangIDStrDescriptor              0x08002bc5   Thumb Code     8  usbd_desc.o(i.USBD_FS_LangIDStrDescriptor)
    USBD_FS_ManufacturerStrDescriptor        0x08002bd1   Thumb Code    16  usbd_desc.o(i.USBD_FS_ManufacturerStrDescriptor)
    USBD_FS_ProductStrDescriptor             0x08002bf9   Thumb Code    16  usbd_desc.o(i.USBD_FS_ProductStrDescriptor)
    USBD_FS_SerialStrDescriptor              0x08002c25   Thumb Code    16  usbd_desc.o(i.USBD_FS_SerialStrDescriptor)
    USBD_GetString                           0x08002d29   Thumb Code    70  usbd_ctlreq.o(i.USBD_GetString)
    USBD_Init                                0x08002d6f   Thumb Code    42  usbd_core.o(i.USBD_Init)
    USBD_LL_ClearStallEP                     0x08002d99   Thumb Code    14  usbd_conf.o(i.USBD_LL_ClearStallEP)
    USBD_LL_CloseEP                          0x08002da7   Thumb Code    14  usbd_conf.o(i.USBD_LL_CloseEP)
    USBD_LL_DataInStage                      0x08002db5   Thumb Code   160  usbd_core.o(i.USBD_LL_DataInStage)
    USBD_LL_DataOutStage                     0x08002e55   Thumb Code   106  usbd_core.o(i.USBD_LL_DataOutStage)
    USBD_LL_DevConnected                     0x08002ebf   Thumb Code     4  usbd_core.o(i.USBD_LL_DevConnected)
    USBD_LL_DevDisconnected                  0x08002ec3   Thumb Code    22  usbd_core.o(i.USBD_LL_DevDisconnected)
    USBD_LL_GetRxDataSize                    0x08002ed9   Thumb Code     8  usbd_conf.o(i.USBD_LL_GetRxDataSize)
    USBD_LL_Init                             0x08002ee1   Thumb Code    88  usbd_conf.o(i.USBD_LL_Init)
    USBD_LL_IsStallEP                        0x08002f3d   Thumb Code    32  usbd_conf.o(i.USBD_LL_IsStallEP)
    USBD_LL_IsoINIncomplete                  0x08002f5d   Thumb Code     4  usbd_core.o(i.USBD_LL_IsoINIncomplete)
    USBD_LL_IsoOUTIncomplete                 0x08002f61   Thumb Code     4  usbd_core.o(i.USBD_LL_IsoOUTIncomplete)
    USBD_LL_OpenEP                           0x08002f65   Thumb Code    20  usbd_conf.o(i.USBD_LL_OpenEP)
    USBD_LL_PrepareReceive                   0x08002f79   Thumb Code    14  usbd_conf.o(i.USBD_LL_PrepareReceive)
    USBD_LL_Reset                            0x08002f87   Thumb Code    62  usbd_core.o(i.USBD_LL_Reset)
    USBD_LL_Resume                           0x08002fc5   Thumb Code    12  usbd_core.o(i.USBD_LL_Resume)
    USBD_LL_SOF                              0x08002fd1   Thumb Code    24  usbd_core.o(i.USBD_LL_SOF)
    USBD_LL_SetSpeed                         0x08002fe9   Thumb Code     6  usbd_core.o(i.USBD_LL_SetSpeed)
    USBD_LL_SetUSBAddress                    0x08002fef   Thumb Code    14  usbd_conf.o(i.USBD_LL_SetUSBAddress)
    USBD_LL_SetupStage                       0x08002ffd   Thumb Code    90  usbd_core.o(i.USBD_LL_SetupStage)
    USBD_LL_StallEP                          0x08003057   Thumb Code    14  usbd_conf.o(i.USBD_LL_StallEP)
    USBD_LL_Start                            0x08003065   Thumb Code    14  usbd_conf.o(i.USBD_LL_Start)
    USBD_LL_Suspend                          0x08003073   Thumb Code    18  usbd_core.o(i.USBD_LL_Suspend)
    USBD_LL_Transmit                         0x08003085   Thumb Code    14  usbd_conf.o(i.USBD_LL_Transmit)
    USBD_ParseSetupRequest                   0x08003093   Thumb Code    40  usbd_ctlreq.o(i.USBD_ParseSetupRequest)
    USBD_RegisterClass                       0x080030bb   Thumb Code    16  usbd_core.o(i.USBD_RegisterClass)
    USBD_SetClassConfig                      0x080030cb   Thumb Code    22  usbd_core.o(i.USBD_SetClassConfig)
    USBD_Start                               0x08003155   Thumb Code    10  usbd_core.o(i.USBD_Start)
    USBD_StdDevReq                           0x0800315f   Thumb Code   242  usbd_ctlreq.o(i.USBD_StdDevReq)
    USBD_StdEPReq                            0x08003251   Thumb Code   192  usbd_ctlreq.o(i.USBD_StdEPReq)
    USBD_StdItfReq                           0x08003311   Thumb Code    52  usbd_ctlreq.o(i.USBD_StdItfReq)
    USB_ActivateEndpoint                     0x08003345   Thumb Code   122  stm32f4xx_ll_usb.o(i.USB_ActivateEndpoint)
    USB_ActivateSetup                        0x080033c5   Thumb Code    52  stm32f4xx_ll_usb.o(i.USB_ActivateSetup)
    USB_CoreInit                             0x080033f9   Thumb Code   104  stm32f4xx_ll_usb.o(i.USB_CoreInit)
    USB_DeactivateEndpoint                   0x0800349d   Thumb Code   110  stm32f4xx_ll_usb.o(i.USB_DeactivateEndpoint)
    USB_DevConnect                           0x0800350b   Thumb Code    24  stm32f4xx_ll_usb.o(i.USB_DevConnect)
    USB_DevDisconnect                        0x08003523   Thumb Code    24  stm32f4xx_ll_usb.o(i.USB_DevDisconnect)
    USB_DevInit                              0x0800353d   Thumb Code   306  stm32f4xx_ll_usb.o(i.USB_DevInit)
    USB_DisableGlobalInt                     0x08003681   Thumb Code    12  stm32f4xx_ll_usb.o(i.USB_DisableGlobalInt)
    USB_EP0StartXfer                         0x0800368d   Thumb Code   316  stm32f4xx_ll_usb.o(i.USB_EP0StartXfer)
    USB_EP0_OutStart                         0x080037cd   Thumb Code    62  stm32f4xx_ll_usb.o(i.USB_EP0_OutStart)
    USB_EPClearStall                         0x0800380b   Thumb Code   100  stm32f4xx_ll_usb.o(i.USB_EPClearStall)
    USB_EPSetStall                           0x0800386f   Thumb Code    94  stm32f4xx_ll_usb.o(i.USB_EPSetStall)
    USB_EPStartXfer                          0x080038cd   Thumb Code   534  stm32f4xx_ll_usb.o(i.USB_EPStartXfer)
    USB_EnableGlobalInt                      0x08003ae9   Thumb Code    12  stm32f4xx_ll_usb.o(i.USB_EnableGlobalInt)
    USB_FlushRxFifo                          0x08003af5   Thumb Code    28  stm32f4xx_ll_usb.o(i.USB_FlushRxFifo)
    USB_FlushTxFifo                          0x08003b15   Thumb Code    32  stm32f4xx_ll_usb.o(i.USB_FlushTxFifo)
    USB_GetDevSpeed                          0x08003b39   Thumb Code    60  stm32f4xx_ll_usb.o(i.USB_GetDevSpeed)
    USB_GetMode                              0x08003b75   Thumb Code     8  stm32f4xx_ll_usb.o(i.USB_GetMode)
    USB_ReadDevAllInEpInterrupt              0x08003b7d   Thumb Code    14  stm32f4xx_ll_usb.o(i.USB_ReadDevAllInEpInterrupt)
    USB_ReadDevAllOutEpInterrupt             0x08003b8b   Thumb Code    14  stm32f4xx_ll_usb.o(i.USB_ReadDevAllOutEpInterrupt)
    USB_ReadDevInEPInterrupt                 0x08003b99   Thumb Code    30  stm32f4xx_ll_usb.o(i.USB_ReadDevInEPInterrupt)
    USB_ReadDevOutEPInterrupt                0x08003bb7   Thumb Code    16  stm32f4xx_ll_usb.o(i.USB_ReadDevOutEPInterrupt)
    USB_ReadInterrupts                       0x08003bc7   Thumb Code     8  stm32f4xx_ll_usb.o(i.USB_ReadInterrupts)
    USB_ReadPacket                           0x08003bcf   Thumb Code    32  stm32f4xx_ll_usb.o(i.USB_ReadPacket)
    USB_SetCurrentMode                       0x08003bef   Thumb Code    44  stm32f4xx_ll_usb.o(i.USB_SetCurrentMode)
    USB_SetDevAddress                        0x08003c1b   Thumb Code    34  stm32f4xx_ll_usb.o(i.USB_SetDevAddress)
    USB_WritePacket                          0x08003c3d   Thumb Code    40  stm32f4xx_ll_usb.o(i.USB_WritePacket)
    VCP_read                                 0x08003c65   Thumb Code    78  usbd_cdc_if.o(i.VCP_read)
    VCP_write                                0x08003cbd   Thumb Code   106  usbd_cdc_if.o(i.VCP_write)
    __0sprintf$1                             0x08003d2d   Thumb Code    34  printf1.o(i.__0sprintf$1)
    __1sprintf$1                             0x08003d2d   Thumb Code     0  printf1.o(i.__0sprintf$1)
    __2sprintf                               0x08003d2d   Thumb Code     0  printf1.o(i.__0sprintf$1)
    __scatterload_copy                       0x08003d55   Thumb Code    14  handlers.o(i.__scatterload_copy)
    __scatterload_null                       0x08003d63   Thumb Code     2  handlers.o(i.__scatterload_null)
    __scatterload_zeroinit                   0x08003d65   Thumb Code    14  handlers.o(i.__scatterload_zeroinit)
    free                                     0x08003ed5   Thumb Code    76  malloc.o(i.free)
    itoa                                     0x08003f25   Thumb Code    84  main.o(i.itoa)
    main                                     0x08003f7d   Thumb Code   294  main.o(i.main)
    malloc                                   0x080040fd   Thumb Code    92  malloc.o(i.malloc)
    LED_PIN                                  0x08004168   Data          32  main.o(.constdata)
    APBAHBPrescTable                         0x08004188   Data          16  stm32f4xx_hal_rcc.o(.constdata)
    Region$$Table$$Base                      0x08004200   Number         0  anon$$obj.o(Region$$Table)
    Region$$Table$$Limit                     0x08004220   Number         0  anon$$obj.o(Region$$Table)
    SystemCoreClock                          0x20000000   Data           4  system_stm32f4xx.o(.data)
    AHBPrescTable                            0x20000004   Data          16  system_stm32f4xx.o(.data)
    USBD_Interface_fops_FS                   0x20000014   Data          16  usbd_cdc_if.o(.data)
    g_VCPInitialized                         0x20000024   Data           1  usbd_cdc_if.o(.data)
    Minutes                                  0x20000026   Data           1  main.o(.data)
    Seconds                                  0x20000027   Data           1  main.o(.data)
    X_val                                    0x20000028   Data           2  main.o(.data)
    Y_val                                    0x2000002a   Data           2  main.o(.data)
    Z_val                                    0x2000002c   Data           2  main.o(.data)
    sDate                                    0x2000002e   Data           4  main.o(.data)
    X_val_str                                0x20000032   Data           5  main.o(.data)
    Y_val_str                                0x20000037   Data           5  main.o(.data)
    Z_val_str                                0x2000003c   Data           5  main.o(.data)
    Buffer                                   0x20000042   Data           6  main.o(.data)
    FS_Desc                                  0x20000048   Data          28  usbd_desc.o(.data)
    USBD_LangIDDesc                          0x20000064   Data           4  usbd_desc.o(.data)
    USBD_FS_DeviceDesc                       0x20000068   Data          18  usbd_desc.o(.data)
    USBD_CDC_CfgHSDesc                       0x20000088   Data          67  usbd_cdc.o(.data)
    USBD_CDC_CfgFSDesc                       0x200000cc   Data          67  usbd_cdc.o(.data)
    USBD_CDC_OtherSpeedCfgDesc               0x20000110   Data          67  usbd_cdc.o(.data)
    USBD_CDC                                 0x20000154   Data          56  usbd_cdc.o(.data)
    BUTTON_PORT                              0x20000190   Data           4  stm32f4_discovery.o(.data)
    I2cxTimeout                              0x20000194   Data           4  stm32f4_discovery.o(.data)
    SpixTimeout                              0x20000198   Data           4  stm32f4_discovery.o(.data)
    GPIO_PORT                                0x2000019c   Data          16  stm32f4_discovery.o(.data)
    Lis3dshDrv                               0x200001b0   Data          52  lis3dsh.o(.data)
    Lis302dlDrv                              0x200001e4   Data          52  lis302dl.o(.data)
    __microlib_freelist                      0x20000218   Data           4  mvars.o(.data)
    __microlib_freelist_initialised          0x2000021c   Data           4  mvars.o(.data)
    hpcd_USB_OTG_FS                          0x20000220   Data         944  usbd_conf.o(.bss)
    hUsbDeviceFS                             0x200005d0   Data         548  usb_device.o(.bss)
    hrtc                                     0x20000900   Data          32  main.o(.bss)
    sTime                                    0x20000920   Data          20  main.o(.bss)
    USBD_StrDesc                             0x20000934   Data         512  usbd_desc.o(.bss)
    __heap_base                              0x20000bc0   Data           0  startup_stm32f407xx.o(HEAP)
    __heap_limit                             0x20000dc0   Data           0  startup_stm32f407xx.o(HEAP)
    __initial_sp                             0x200011c0   Data           0  startup_stm32f407xx.o(STACK)



==============================================================================

Memory Map of the image

  Image Entry point : 0x08000189

  Load Region LR_IROM1 (Base: 0x08000000, Size: 0x00004440, Max: 0x00100000, ABSOLUTE, COMPRESSED[0x00004324])

    Execution Region ER_IROM1 (Base: 0x08000000, Size: 0x00004220, Max: 0x00100000, ABSOLUTE)

    Base Addr    Size         Type   Attr      Idx    E Section Name        Object

    0x08000000   0x00000188   Data   RO         3133    RESET               startup_stm32f407xx.o
    0x08000188   0x00000000   Code   RO         3569  * .ARM.Collect$$$$00000000  mc_w.l(entry.o)
    0x08000188   0x00000004   Code   RO         3867    .ARM.Collect$$$$00000001  mc_w.l(entry2.o)
    0x0800018c   0x00000004   Code   RO         3870    .ARM.Collect$$$$00000004  mc_w.l(entry5.o)
    0x08000190   0x00000000   Code   RO         3872    .ARM.Collect$$$$00000008  mc_w.l(entry7b.o)
    0x08000190   0x00000000   Code   RO         3874    .ARM.Collect$$$$0000000A  mc_w.l(entry8b.o)
    0x08000190   0x00000008   Code   RO         3875    .ARM.Collect$$$$0000000B  mc_w.l(entry9a.o)
    0x08000198   0x00000000   Code   RO         3877    .ARM.Collect$$$$0000000D  mc_w.l(entry10a.o)
    0x08000198   0x00000000   Code   RO         3879    .ARM.Collect$$$$0000000F  mc_w.l(entry11a.o)
    0x08000198   0x00000004   Code   RO         3868    .ARM.Collect$$$$00002712  mc_w.l(entry2.o)
    0x0800019c   0x00000024   Code   RO         3134    .text               startup_stm32f407xx.o
    0x080001c0   0x00000024   Code   RO         3572    .text               mc_w.l(memcpya.o)
    0x080001e4   0x0000000e   Code   RO         3574    .text               mc_w.l(strlen.o)
    0x080001f2   0x0000002c   Code   RO         3884    .text               mc_w.l(uidiv.o)
    0x0800021e   0x00000002   PAD
    0x08000220   0x00000024   Code   RO         3901    .text               mc_w.l(init.o)
    0x08000244   0x00000056   Code   RO         3921    .text               mc_w.l(__dczerorl2.o)
    0x0800029a   0x00000002   PAD
    0x0800029c   0x00000044   Code   RO         3140    i.ACCELERO_IO_ITConfig  stm32f4_discovery.o
    0x080002e0   0x00000040   Code   RO         3141    i.ACCELERO_IO_Init  stm32f4_discovery.o
    0x08000320   0x00000050   Code   RO         3142    i.ACCELERO_IO_Read  stm32f4_discovery.o
    0x08000370   0x00000048   Code   RO         3143    i.ACCELERO_IO_Write  stm32f4_discovery.o
    0x080003b8   0x00000028   Code   RO          549    i.ACCELERO_VAL_READ  main.o
    0x080003e0   0x00000030   Code   RO         3276    i.BSP_ACCELERO_GetXYZ  stm32f4_discovery_accelerometer.o
    0x08000410   0x00000048   Code   RO         3277    i.BSP_ACCELERO_Init  stm32f4_discovery_accelerometer.o
    0x08000458   0x00000030   Code   RO         3484    i.Buttons_Initialize  buttons_f4discovery.o
    0x08000488   0x00000004   Code   RO          420    i.CDC_Control_FS    usbd_cdc_if.o
    0x0800048c   0x00000004   Code   RO          421    i.CDC_DeInit_FS     usbd_cdc_if.o
    0x08000490   0x00000020   Code   RO          422    i.CDC_Init_FS       usbd_cdc_if.o
    0x080004b0   0x0000001c   Code   RO          423    i.CDC_Receive_FS    usbd_cdc_if.o
    0x080004cc   0x0000001a   Code   RO          550    i.Error_Handler     main.o
    0x080004e6   0x00000016   Code   RO         2020    i.HAL_Delay         stm32f4xx_hal.o
    0x080004fc   0x000001c4   Code   RO         2344    i.HAL_GPIO_Init     stm32f4xx_hal_gpio.o
    0x080006c0   0x00000008   Code   RO         2347    i.HAL_GPIO_TogglePin  stm32f4xx_hal_gpio.o
    0x080006c8   0x0000000a   Code   RO         2348    i.HAL_GPIO_WritePin  stm32f4xx_hal_gpio.o
    0x080006d2   0x00000002   PAD
    0x080006d4   0x0000000c   Code   RO         2032    i.HAL_GetTick       stm32f4xx_hal.o
    0x080006e0   0x00000010   Code   RO         2033    i.HAL_IncTick       stm32f4xx_hal.o
    0x080006f0   0x0000002c   Code   RO         2034    i.HAL_Init          stm32f4xx_hal.o
    0x0800071c   0x00000022   Code   RO         2035    i.HAL_InitTick      stm32f4xx_hal.o
    0x0800073e   0x00000058   Code   RO          349    i.HAL_MspInit       stm32f4xx_hal_msp.o
    0x08000796   0x00000016   Code   RO         1251    i.HAL_NVIC_ClearPendingIRQ  stm32f4xx_hal_cortex.o
    0x080007ac   0x00000016   Code   RO         1253    i.HAL_NVIC_EnableIRQ  stm32f4xx_hal_cortex.o
    0x080007c2   0x00000002   PAD
    0x080007c4   0x00000040   Code   RO         1259    i.HAL_NVIC_SetPriority  stm32f4xx_hal_cortex.o
    0x08000804   0x00000024   Code   RO         1260    i.HAL_NVIC_SetPriorityGrouping  stm32f4xx_hal_cortex.o
    0x08000828   0x00000008   Code   RO         2301    i.HAL_PCDEx_SetRxFiFo  stm32f4xx_hal_pcd_ex.o
    0x08000830   0x00000044   Code   RO         2302    i.HAL_PCDEx_SetTxFiFo  stm32f4xx_hal_pcd_ex.o
    0x08000874   0x00000008   Code   RO          135    i.HAL_PCD_ConnectCallback  usbd_conf.o
    0x0800087c   0x00000012   Code   RO          136    i.HAL_PCD_DataInStageCallback  usbd_conf.o
    0x0800088e   0x00000014   Code   RO          137    i.HAL_PCD_DataOutStageCallback  usbd_conf.o
    0x080008a2   0x00000008   Code   RO          138    i.HAL_PCD_DisconnectCallback  usbd_conf.o
    0x080008aa   0x00000044   Code   RO         1465    i.HAL_PCD_EP_Close  stm32f4xx_hal_pcd.o
    0x080008ee   0x00000050   Code   RO         1466    i.HAL_PCD_EP_ClrStall  stm32f4xx_hal_pcd.o
    0x0800093e   0x00000014   Code   RO         1468    i.HAL_PCD_EP_GetRxCount  stm32f4xx_hal_pcd.o
    0x08000952   0x00000054   Code   RO         1469    i.HAL_PCD_EP_Open   stm32f4xx_hal_pcd.o
    0x080009a6   0x00000002   PAD
    0x080009a8   0x0000005e   Code   RO         1470    i.HAL_PCD_EP_Receive  stm32f4xx_hal_pcd.o
    0x08000a06   0x00000060   Code   RO         1471    i.HAL_PCD_EP_SetStall  stm32f4xx_hal_pcd.o
    0x08000a66   0x00000056   Code   RO         1472    i.HAL_PCD_EP_Transmit  stm32f4xx_hal_pcd.o
    0x08000abc   0x000003e4   Code   RO         1474    i.HAL_PCD_IRQHandler  stm32f4xx_hal_pcd.o
    0x08000ea0   0x00000008   Code   RO          139    i.HAL_PCD_ISOINIncompleteCallback  usbd_conf.o
    0x08000ea8   0x00000008   Code   RO          140    i.HAL_PCD_ISOOUTIncompleteCallback  usbd_conf.o
    0x08000eb0   0x000000be   Code   RO         1477    i.HAL_PCD_Init      stm32f4xx_hal_pcd.o
    0x08000f6e   0x00000002   PAD
    0x08000f70   0x0000006c   Code   RO          142    i.HAL_PCD_MspInit   usbd_conf.o
    0x08000fdc   0x00000020   Code   RO          143    i.HAL_PCD_ResetCallback  usbd_conf.o
    0x08000ffc   0x00000008   Code   RO          144    i.HAL_PCD_ResumeCallback  usbd_conf.o
    0x08001004   0x00000008   Code   RO          145    i.HAL_PCD_SOFCallback  usbd_conf.o
    0x0800100c   0x00000024   Code   RO         1483    i.HAL_PCD_SetAddress  stm32f4xx_hal_pcd.o
    0x08001030   0x0000000e   Code   RO          146    i.HAL_PCD_SetupStageCallback  usbd_conf.o
    0x0800103e   0x0000002a   Code   RO         1485    i.HAL_PCD_Start     stm32f4xx_hal_pcd.o
    0x08001068   0x00000008   Code   RO          147    i.HAL_PCD_SuspendCallback  usbd_conf.o
    0x08001070   0x00000148   Code   RO         2162    i.HAL_RCCEx_PeriphCLKConfig  stm32f4xx_hal_rcc_ex.o
    0x080011b8   0x000001b8   Code   RO         1113    i.HAL_RCC_ClockConfig  stm32f4xx_hal_rcc.o
    0x08001370   0x00000034   Code   RO         1118    i.HAL_RCC_GetHCLKFreq  stm32f4xx_hal_rcc.o
    0x080013a4   0x00000080   Code   RO         1122    i.HAL_RCC_GetSysClockFreq  stm32f4xx_hal_rcc.o
    0x08001424   0x00000338   Code   RO         1125    i.HAL_RCC_OscConfig  stm32f4xx_hal_rcc.o
    0x0800175c   0x00000044   Code   RO         3005    i.HAL_RTC_GetDate   stm32f4xx_hal_rtc.o
    0x080017a0   0x0000009c   Code   RO         3008    i.HAL_RTC_Init      stm32f4xx_hal_rtc.o
    0x0800183c   0x00000018   Code   RO          351    i.HAL_RTC_MspInit   stm32f4xx_hal_msp.o
    0x08001854   0x000000d0   Code   RO         3014    i.HAL_RTC_SetDate   stm32f4xx_hal_rtc.o
    0x08001924   0x000000f0   Code   RO         3015    i.HAL_RTC_SetTime   stm32f4xx_hal_rtc.o
    0x08001a14   0x00000036   Code   RO         3016    i.HAL_RTC_WaitForSynchro  stm32f4xx_hal_rtc.o
    0x08001a4a   0x0000002a   Code   RO         2456    i.HAL_SPI_DeInit    stm32f4xx_hal_spi.o
    0x08001a74   0x00000006   Code   RO         2459    i.HAL_SPI_GetState  stm32f4xx_hal_spi.o
    0x08001a7a   0x00000082   Code   RO         2461    i.HAL_SPI_Init      stm32f4xx_hal_spi.o
    0x08001afc   0x00000002   Code   RO         2462    i.HAL_SPI_MspDeInit  stm32f4xx_hal_spi.o
    0x08001afe   0x00000002   Code   RO         2463    i.HAL_SPI_MspInit   stm32f4xx_hal_spi.o
    0x08001b00   0x000002b0   Code   RO         2470    i.HAL_SPI_TransmitReceive  stm32f4xx_hal_spi.o
    0x08001db0   0x00000018   Code   RO         1262    i.HAL_SYSTICK_CLKSourceConfig  stm32f4xx_hal_cortex.o
    0x08001dc8   0x00000002   Code   RO         1263    i.HAL_SYSTICK_Callback  stm32f4xx_hal_cortex.o
    0x08001dca   0x00000028   Code   RO         1264    i.HAL_SYSTICK_Config  stm32f4xx_hal_cortex.o
    0x08001df2   0x00000008   Code   RO         1265    i.HAL_SYSTICK_IRQHandler  stm32f4xx_hal_cortex.o
    0x08001dfa   0x00000002   PAD
    0x08001dfc   0x00000038   Code   RO         3521    i.LED_Initialize    led_f4discovery.o
    0x08001e34   0x0000001c   Code   RO         3523    i.LED_On            led_f4discovery.o
    0x08001e50   0x0000001c   Code   RO          551    i.LED_Toggle        main.o
    0x08001e6c   0x0000001e   Code   RO         3396    i.LIS302DL_Click_IntClear  lis302dl.o
    0x08001e8a   0x000000a4   Code   RO         3397    i.LIS302DL_Click_IntConfig  lis302dl.o
    0x08001f2e   0x00000002   Code   RO         3399    i.LIS302DL_DeInit   lis302dl.o
    0x08001f30   0x0000002e   Code   RO         3400    i.LIS302DL_FilterConfig  lis302dl.o
    0x08001f5e   0x0000001e   Code   RO         3402    i.LIS302DL_Init     lis302dl.o
    0x08001f7c   0x0000002e   Code   RO         3403    i.LIS302DL_InterruptConfig  lis302dl.o
    0x08001faa   0x00000002   PAD
    0x08001fac   0x00000068   Code   RO         3405    i.LIS302DL_ReadACC  lis302dl.o
    0x08002014   0x0000001c   Code   RO         3406    i.LIS302DL_ReadID   lis302dl.o
    0x08002030   0x00000024   Code   RO         3407    i.LIS302DL_RebootCmd  lis302dl.o
    0x08002054   0x000000d2   Code   RO         3324    i.LIS3DSH_Click_IntConfig  lis3dsh.o
    0x08002126   0x00000002   Code   RO         3326    i.LIS3DSH_DeInit    lis3dsh.o
    0x08002128   0x0000002e   Code   RO         3328    i.LIS3DSH_Init      lis3dsh.o
    0x08002156   0x0000004c   Code   RO         3329    i.LIS3DSH_InterruptConfig  lis3dsh.o
    0x080021a2   0x00000002   PAD
    0x080021a4   0x000000dc   Code   RO         3331    i.LIS3DSH_ReadACC   lis3dsh.o
    0x08002280   0x0000001c   Code   RO         3332    i.LIS3DSH_ReadID    lis3dsh.o
    0x0800229c   0x00000024   Code   RO         3333    i.LIS3DSH_RebootCmd  lis3dsh.o
    0x080022c0   0x00000164   Code   RO          552    i.MX_GPIO_Init      main.o
    0x08002424   0x00000070   Code   RO          553    i.MX_RTC_Init       main.o
    0x08002494   0x00000038   Code   RO          381    i.MX_USB_DEVICE_Init  usb_device.o
    0x080024cc   0x00000020   Code   RO         1266    i.NVIC_SetPriority  stm32f4xx_hal_cortex.o
    0x080024ec   0x00000018   Code   RO          513    i.OTG_FS_IRQHandler  stm32f4xx_it.o
    0x08002504   0x00000018   Code   RO          514    i.OTG_FS_WKUP_IRQHandler  stm32f4xx_it.o
    0x0800251c   0x00000096   Code   RO         1488    i.PCD_WriteEmptyTxFifo  stm32f4xx_hal_pcd.o
    0x080025b2   0x00000012   Code   RO         3017    i.RTC_Bcd2ToByte    stm32f4xx_hal_rtc.o
    0x080025c4   0x00000016   Code   RO         3018    i.RTC_ByteToBcd2    stm32f4xx_hal_rtc.o
    0x080025da   0x00000002   PAD
    0x080025dc   0x0000003a   Code   RO         3019    i.RTC_EnterInitMode  stm32f4xx_hal_rtc.o
    0x08002616   0x0000009e   Code   RO         2491    i.SPI_WaitOnFlagUntilTimeout  stm32f4xx_hal_spi.o
    0x080026b4   0x00000088   Code   RO         3158    i.SPIx_Init         stm32f4_discovery.o
    0x0800273c   0x00000038   Code   RO         3159    i.SPIx_WriteRead    stm32f4_discovery.o
    0x08002774   0x00000014   Code   RO          425    i.Serial_Write      usbd_cdc_if.o
    0x08002788   0x0000000e   Code   RO          515    i.SysTick_Handler   stm32f4xx_it.o
    0x08002796   0x00000002   PAD
    0x08002798   0x000000a0   Code   RO          554    i.SystemClock_Config  main.o
    0x08002838   0x00000054   Code   RO            4    i.SystemInit        system_stm32f4xx.o
    0x0800288c   0x00000014   Code   RO          973    i.USBD_CDC_DataIn   usbd_cdc.o
    0x080028a0   0x0000002e   Code   RO          974    i.USBD_CDC_DataOut  usbd_cdc.o
    0x080028ce   0x0000003c   Code   RO          975    i.USBD_CDC_DeInit   usbd_cdc.o
    0x0800290a   0x00000024   Code   RO          976    i.USBD_CDC_EP0_RxReady  usbd_cdc.o
    0x0800292e   0x00000002   PAD
    0x08002930   0x0000000c   Code   RO          977    i.USBD_CDC_GetDeviceQualifierDescriptor  usbd_cdc.o
    0x0800293c   0x0000000c   Code   RO          978    i.USBD_CDC_GetFSCfgDesc  usbd_cdc.o
    0x08002948   0x0000000c   Code   RO          979    i.USBD_CDC_GetHSCfgDesc  usbd_cdc.o
    0x08002954   0x0000000c   Code   RO          980    i.USBD_CDC_GetOtherSpeedCfgDesc  usbd_cdc.o
    0x08002960   0x00000088   Code   RO          981    i.USBD_CDC_Init     usbd_cdc.o
    0x080029e8   0x00000028   Code   RO          982    i.USBD_CDC_ReceivePacket  usbd_cdc.o
    0x08002a10   0x00000010   Code   RO          983    i.USBD_CDC_RegisterInterface  usbd_cdc.o
    0x08002a20   0x0000000c   Code   RO          984    i.USBD_CDC_SetRxBuffer  usbd_cdc.o
    0x08002a2c   0x00000010   Code   RO          985    i.USBD_CDC_SetTxBuffer  usbd_cdc.o
    0x08002a3c   0x0000005c   Code   RO          986    i.USBD_CDC_Setup    usbd_cdc.o
    0x08002a98   0x00000032   Code   RO          987    i.USBD_CDC_TransmitPacket  usbd_cdc.o
    0x08002aca   0x0000000e   Code   RO          778    i.USBD_ClrClassConfig  usbd_core.o
    0x08002ad8   0x00000010   Code   RO          722    i.USBD_CtlContinueRx  usbd_ioreq.o
    0x08002ae8   0x00000010   Code   RO          723    i.USBD_CtlContinueSendData  usbd_ioreq.o
    0x08002af8   0x00000016   Code   RO          912    i.USBD_CtlError     usbd_ctlreq.o
    0x08002b0e   0x0000001e   Code   RO          724    i.USBD_CtlPrepareRx  usbd_ioreq.o
    0x08002b2c   0x00000016   Code   RO          725    i.USBD_CtlReceiveStatus  usbd_ioreq.o
    0x08002b42   0x0000001a   Code   RO          726    i.USBD_CtlSendData  usbd_ioreq.o
    0x08002b5c   0x00000016   Code   RO          727    i.USBD_CtlSendStatus  usbd_ioreq.o
    0x08002b72   0x00000002   PAD
    0x08002b74   0x00000020   Code   RO          658    i.USBD_FS_ConfigStrDescriptor  usbd_desc.o
    0x08002b94   0x0000000c   Code   RO          659    i.USBD_FS_DeviceDescriptor  usbd_desc.o
    0x08002ba0   0x00000024   Code   RO          660    i.USBD_FS_InterfaceStrDescriptor  usbd_desc.o
    0x08002bc4   0x0000000c   Code   RO          661    i.USBD_FS_LangIDStrDescriptor  usbd_desc.o
    0x08002bd0   0x00000028   Code   RO          662    i.USBD_FS_ManufacturerStrDescriptor  usbd_desc.o
    0x08002bf8   0x0000002c   Code   RO          663    i.USBD_FS_ProductStrDescriptor  usbd_desc.o
    0x08002c24   0x00000024   Code   RO          664    i.USBD_FS_SerialStrDescriptor  usbd_desc.o
    0x08002c48   0x000000e0   Code   RO          913    i.USBD_GetDescriptor  usbd_ctlreq.o
    0x08002d28   0x00000046   Code   RO          914    i.USBD_GetString    usbd_ctlreq.o
    0x08002d6e   0x0000002a   Code   RO          780    i.USBD_Init         usbd_core.o
    0x08002d98   0x0000000e   Code   RO          148    i.USBD_LL_ClearStallEP  usbd_conf.o
    0x08002da6   0x0000000e   Code   RO          149    i.USBD_LL_CloseEP   usbd_conf.o
    0x08002db4   0x000000a0   Code   RO          781    i.USBD_LL_DataInStage  usbd_core.o
    0x08002e54   0x0000006a   Code   RO          782    i.USBD_LL_DataOutStage  usbd_core.o
    0x08002ebe   0x00000004   Code   RO          783    i.USBD_LL_DevConnected  usbd_core.o
    0x08002ec2   0x00000016   Code   RO          784    i.USBD_LL_DevDisconnected  usbd_core.o
    0x08002ed8   0x00000008   Code   RO          153    i.USBD_LL_GetRxDataSize  usbd_conf.o
    0x08002ee0   0x0000005c   Code   RO          154    i.USBD_LL_Init      usbd_conf.o
    0x08002f3c   0x00000020   Code   RO          155    i.USBD_LL_IsStallEP  usbd_conf.o
    0x08002f5c   0x00000004   Code   RO          785    i.USBD_LL_IsoINIncomplete  usbd_core.o
    0x08002f60   0x00000004   Code   RO          786    i.USBD_LL_IsoOUTIncomplete  usbd_core.o
    0x08002f64   0x00000014   Code   RO          156    i.USBD_LL_OpenEP    usbd_conf.o
    0x08002f78   0x0000000e   Code   RO          157    i.USBD_LL_PrepareReceive  usbd_conf.o
    0x08002f86   0x0000003e   Code   RO          787    i.USBD_LL_Reset     usbd_core.o
    0x08002fc4   0x0000000c   Code   RO          788    i.USBD_LL_Resume    usbd_core.o
    0x08002fd0   0x00000018   Code   RO          789    i.USBD_LL_SOF       usbd_core.o
    0x08002fe8   0x00000006   Code   RO          790    i.USBD_LL_SetSpeed  usbd_core.o
    0x08002fee   0x0000000e   Code   RO          158    i.USBD_LL_SetUSBAddress  usbd_conf.o
    0x08002ffc   0x0000005a   Code   RO          791    i.USBD_LL_SetupStage  usbd_core.o
    0x08003056   0x0000000e   Code   RO          159    i.USBD_LL_StallEP   usbd_conf.o
    0x08003064   0x0000000e   Code   RO          160    i.USBD_LL_Start     usbd_conf.o
    0x08003072   0x00000012   Code   RO          792    i.USBD_LL_Suspend   usbd_core.o
    0x08003084   0x0000000e   Code   RO          162    i.USBD_LL_Transmit  usbd_conf.o
    0x08003092   0x00000028   Code   RO          915    i.USBD_ParseSetupRequest  usbd_ctlreq.o
    0x080030ba   0x00000010   Code   RO          793    i.USBD_RegisterClass  usbd_core.o
    0x080030ca   0x00000016   Code   RO          795    i.USBD_SetClassConfig  usbd_core.o
    0x080030e0   0x00000074   Code   RO          916    i.USBD_SetConfig    usbd_ctlreq.o
    0x08003154   0x0000000a   Code   RO          796    i.USBD_Start        usbd_core.o
    0x0800315e   0x000000f2   Code   RO          917    i.USBD_StdDevReq    usbd_ctlreq.o
    0x08003250   0x000000c0   Code   RO          918    i.USBD_StdEPReq     usbd_ctlreq.o
    0x08003310   0x00000034   Code   RO          919    i.USBD_StdItfReq    usbd_ctlreq.o
    0x08003344   0x00000080   Code   RO         1668    i.USB_ActivateEndpoint  stm32f4xx_ll_usb.o
    0x080033c4   0x00000034   Code   RO         1669    i.USB_ActivateSetup  stm32f4xx_ll_usb.o
    0x080033f8   0x0000006c   Code   RO         1671    i.USB_CoreInit      stm32f4xx_ll_usb.o
    0x08003464   0x00000038   Code   RO         1672    i.USB_CoreReset     stm32f4xx_ll_usb.o
    0x0800349c   0x0000006e   Code   RO         1674    i.USB_DeactivateEndpoint  stm32f4xx_ll_usb.o
    0x0800350a   0x00000018   Code   RO         1675    i.USB_DevConnect    stm32f4xx_ll_usb.o
    0x08003522   0x00000018   Code   RO         1676    i.USB_DevDisconnect  stm32f4xx_ll_usb.o
    0x0800353a   0x00000002   PAD
    0x0800353c   0x00000144   Code   RO         1677    i.USB_DevInit       stm32f4xx_ll_usb.o
    0x08003680   0x0000000c   Code   RO         1678    i.USB_DisableGlobalInt  stm32f4xx_ll_usb.o
    0x0800368c   0x00000140   Code   RO         1681    i.USB_EP0StartXfer  stm32f4xx_ll_usb.o
    0x080037cc   0x0000003e   Code   RO         1682    i.USB_EP0_OutStart  stm32f4xx_ll_usb.o
    0x0800380a   0x00000064   Code   RO         1683    i.USB_EPClearStall  stm32f4xx_ll_usb.o
    0x0800386e   0x0000005e   Code   RO         1684    i.USB_EPSetStall    stm32f4xx_ll_usb.o
    0x080038cc   0x0000021c   Code   RO         1685    i.USB_EPStartXfer   stm32f4xx_ll_usb.o
    0x08003ae8   0x0000000c   Code   RO         1686    i.USB_EnableGlobalInt  stm32f4xx_ll_usb.o
    0x08003af4   0x00000020   Code   RO         1687    i.USB_FlushRxFifo   stm32f4xx_ll_usb.o
    0x08003b14   0x00000024   Code   RO         1688    i.USB_FlushTxFifo   stm32f4xx_ll_usb.o
    0x08003b38   0x0000003c   Code   RO         1690    i.USB_GetDevSpeed   stm32f4xx_ll_usb.o
    0x08003b74   0x00000008   Code   RO         1692    i.USB_GetMode       stm32f4xx_ll_usb.o
    0x08003b7c   0x0000000e   Code   RO         1699    i.USB_ReadDevAllInEpInterrupt  stm32f4xx_ll_usb.o
    0x08003b8a   0x0000000e   Code   RO         1700    i.USB_ReadDevAllOutEpInterrupt  stm32f4xx_ll_usb.o
    0x08003b98   0x0000001e   Code   RO         1701    i.USB_ReadDevInEPInterrupt  stm32f4xx_ll_usb.o
    0x08003bb6   0x00000010   Code   RO         1702    i.USB_ReadDevOutEPInterrupt  stm32f4xx_ll_usb.o
    0x08003bc6   0x00000008   Code   RO         1703    i.USB_ReadInterrupts  stm32f4xx_ll_usb.o
    0x08003bce   0x00000020   Code   RO         1704    i.USB_ReadPacket    stm32f4xx_ll_usb.o
    0x08003bee   0x0000002c   Code   RO         1706    i.USB_SetCurrentMode  stm32f4xx_ll_usb.o
    0x08003c1a   0x00000022   Code   RO         1707    i.USB_SetDevAddress  stm32f4xx_ll_usb.o
    0x08003c3c   0x00000028   Code   RO         1711    i.USB_WritePacket   stm32f4xx_ll_usb.o
    0x08003c64   0x00000058   Code   RO          426    i.VCP_read          usbd_cdc_if.o
    0x08003cbc   0x00000070   Code   RO          427    i.VCP_write         usbd_cdc_if.o
    0x08003d2c   0x00000028   Code   RO         3625    i.__0sprintf$1      mc_w.l(printf1.o)
    0x08003d54   0x0000000e   Code   RO         3915    i.__scatterload_copy  mc_w.l(handlers.o)
    0x08003d62   0x00000002   Code   RO         3916    i.__scatterload_null  mc_w.l(handlers.o)
    0x08003d64   0x0000000e   Code   RO         3917    i.__scatterload_zeroinit  mc_w.l(handlers.o)
    0x08003d72   0x00000002   PAD
    0x08003d74   0x00000154   Code   RO         3630    i._printf_core      mc_w.l(printf1.o)
    0x08003ec8   0x0000000a   Code   RO         3632    i._sputc            mc_w.l(printf1.o)
    0x08003ed2   0x00000002   PAD
    0x08003ed4   0x00000050   Code   RO         3839    i.free              mc_w.l(malloc.o)
    0x08003f24   0x00000058   Code   RO          555    i.itoa              main.o
    0x08003f7c   0x00000180   Code   RO          556    i.main              main.o
    0x080040fc   0x0000006c   Code   RO         3840    i.malloc            mc_w.l(malloc.o)
    0x08004168   0x00000020   Data   RO          558    .constdata          main.o
    0x08004188   0x00000010   Data   RO         1126    .constdata          stm32f4xx_hal_rcc.o
    0x08004198   0x00000020   Data   RO         3526    .constdata          led_f4discovery.o
    0x080041b8   0x00000048   Data   RO          559    .conststring        main.o
    0x08004200   0x00000020   Data   RO         3913    Region$$Table       anon$$obj.o


    Execution Region RW_IRAM1 (Base: 0x20000000, Size: 0x000011c0, Max: 0x00020000, ABSOLUTE, COMPRESSED[0x00000104])

    Base Addr    Size         Type   Attr      Idx    E Section Name        Object

    0x20000000   0x00000014   Data   RW            5    .data               system_stm32f4xx.o
    0x20000014   0x00000010   Data   RW          429    .data               usbd_cdc_if.o
    0x20000024   0x00000001   Data   RW          432    .data               usbd_cdc_if.o
    0x20000025   0x00000001   PAD
    0x20000026   0x00000022   Data   RW          560    .data               main.o
    0x20000048   0x0000001c   Data   RW          666    .data               usbd_desc.o
    0x20000064   0x00000016   Data   RW          667    .data               usbd_desc.o
    0x2000007a   0x00000001   Data   RW          920    .data               usbd_ctlreq.o
    0x2000007b   0x00000001   PAD
    0x2000007c   0x000000d7   Data   RW          988    .data               usbd_cdc.o
    0x20000153   0x00000001   PAD
    0x20000154   0x00000038   Data   RW          989    .data               usbd_cdc.o
    0x2000018c   0x00000004   Data   RW         2040    .data               stm32f4xx_hal.o
    0x20000190   0x0000001c   Data   RW         3162    .data               stm32f4_discovery.o
    0x200001ac   0x00000004   Data   RW         3280    .data               stm32f4_discovery_accelerometer.o
    0x200001b0   0x00000034   Data   RW         3334    .data               lis3dsh.o
    0x200001e4   0x00000034   Data   RW         3408    .data               lis302dl.o
    0x20000218   0x00000004   Data   RW         3888    .data               mc_w.l(mvars.o)
    0x2000021c   0x00000004   Data   RW         3889    .data               mc_w.l(mvars.o)
    0x20000220   0x000003b0   Zero   RW          163    .bss                usbd_conf.o
    0x200005d0   0x00000224   Zero   RW          382    .bss                usb_device.o
    0x200007f4   0x0000010c   Zero   RW          428    .bss                usbd_cdc_if.o
    0x20000900   0x00000034   Zero   RW          557    .bss                main.o
    0x20000934   0x00000200   Zero   RW          665    .bss                usbd_desc.o
    0x20000b34   0x0000008c   Zero   RW         3160    .bss                stm32f4_discovery.o
    0x20000bc0   0x00000200   Zero   RW         3132    HEAP                startup_stm32f407xx.o
    0x20000dc0   0x00000400   Zero   RW         3131    STACK               startup_stm32f407xx.o


==============================================================================

Image component sizes


      Code (inc. data)   RO Data    RW Data    ZI Data      Debug   Object Name

        48         10          0          0          0        721   buttons_f4discovery.o
        84         14         32          0          0       2250   led_f4discovery.o
       486          0          0         52          0      10002   lis302dl.o
       618         22          0         52          0      10820   lis3dsh.o
      1194        150        104         34         52      17900   main.o
        36          8        392          0       1536        960   startup_stm32f407xx.o
       476         56          0         28        140       5993   stm32f4_discovery.o
       120         24          0          4          0       2282   stm32f4_discovery_accelerometer.o
       128         16          0          4          0       4346   stm32f4xx_hal.o
       250         14          0          0          0      33020   stm32f4xx_hal_cortex.o
       470         52          0          0          0       4057   stm32f4xx_hal_gpio.o
       112          8          0          0          0       1488   stm32f4xx_hal_msp.o
      1942          0          0          0          0      11741   stm32f4xx_hal_pcd.o
        76          0          0          0          0       1956   stm32f4xx_hal_pcd_ex.o
      1444         52         16          0          0       5197   stm32f4xx_hal_rcc.o
       328         20          0          0          0       1468   stm32f4xx_hal_rcc_ex.o
       824         20          0          0          0       7082   stm32f4xx_hal_rtc.o
      1028          0          0          0          0       6363   stm32f4xx_hal_spi.o
        62         12          0          0          0       1623   stm32f4xx_it.o
      2334         52          0          0          0      21276   stm32f4xx_ll_usb.o
        84         18          0         20          0     337137   system_stm32f4xx.o
        56         18          0          0        548       2549   usb_device.o
       572         16          0        271          0      13722   usbd_cdc.o
       288         32          0         17        268       5361   usbd_cdc_if.o
       498         12          0          0        944      18958   usbd_conf.o
       616          0          0          0          0      12670   usbd_core.o
       958         30          0          1          0       8240   usbd_ctlreq.o
       212        116          0         50        512       5455   usbd_desc.o
       132          0          0          0          0       4772   usbd_ioreq.o

    ----------------------------------------------------------------------
     15500        772        576        536       4000     559409   Object Totals
         0          0         32          0          0          0   (incl. Generated)
        24          0          0          3          0          0   (incl. Padding)

    ----------------------------------------------------------------------

      Code (inc. data)   RO Data    RW Data    ZI Data      Debug   Library Member Name

        86          0          0          0          0          0   __dczerorl2.o
         0          0          0          0          0          0   entry.o
         0          0          0          0          0          0   entry10a.o
         0          0          0          0          0          0   entry11a.o
         8          4          0          0          0          0   entry2.o
         4          0          0          0          0          0   entry5.o
         0          0          0          0          0          0   entry7b.o
         0          0          0          0          0          0   entry8b.o
         8          4          0          0          0          0   entry9a.o
        30          0          0          0          0          0   handlers.o
        36          8          0          0          0         68   init.o
       188         20          0          0          0        160   malloc.o
        36          0          0          0          0         68   memcpya.o
         0          0          0          8          0          0   mvars.o
       390         10          0          0          0        252   printf1.o
        14          0          0          0          0         68   strlen.o
        44          0          0          0          0         80   uidiv.o

    ----------------------------------------------------------------------
       852         46          0          8          0        696   Library Totals
         8          0          0          0          0          0   (incl. Padding)

    ----------------------------------------------------------------------

      Code (inc. data)   RO Data    RW Data    ZI Data      Debug   Library Name

       844         46          0          8          0        696   mc_w.l

    ----------------------------------------------------------------------
       852         46          0          8          0        696   Library Totals

    ----------------------------------------------------------------------

==============================================================================


      Code (inc. data)   RO Data    RW Data    ZI Data      Debug   

     16352        818        576        544       4000     540429   Grand Totals
     16352        818        576        260       4000     540429   ELF Image Totals (compressed)
     16352        818        576        260          0          0   ROM Totals

==============================================================================

    Total RO  Size (Code + RO Data)                16928 (  16.53kB)
    Total RW  Size (RW Data + ZI Data)              4544 (   4.44kB)
    Total ROM Size (Code + RO Data + RW Data)      17188 (  16.79kB)

==============================================================================

